Archive member included to satisfy reference by file (symbol)

c:/st/stm32cubeide_1.12.0/stm32cubeide/plugins/com.st.stm32cube.ide.mcu.externaltools.gnu-tools-for-stm32.10.3-2021.10.win32_1.0.200.202301161003/tools/bin/../lib/gcc/arm-none-eabi/10.3.1/../../../../arm-none-eabi/lib/thumb/v7e-m+fp/hard\libc_nano.a(lib_a-atoi.o)
                              ./Core/Src/UART0.o (atoi)
c:/st/stm32cubeide_1.12.0/stm32cubeide/plugins/com.st.stm32cube.ide.mcu.externaltools.gnu-tools-for-stm32.10.3-2021.10.win32_1.0.200.202301161003/tools/bin/../lib/gcc/arm-none-eabi/10.3.1/../../../../arm-none-eabi/lib/thumb/v7e-m+fp/hard\libc_nano.a(lib_a-errno.o)
                              ./Core/Src/syscalls.o (__errno)
c:/st/stm32cubeide_1.12.0/stm32cubeide/plugins/com.st.stm32cube.ide.mcu.externaltools.gnu-tools-for-stm32.10.3-2021.10.win32_1.0.200.202301161003/tools/bin/../lib/gcc/arm-none-eabi/10.3.1/../../../../arm-none-eabi/lib/thumb/v7e-m+fp/hard\libc_nano.a(lib_a-exit.o)
                              c:/st/stm32cubeide_1.12.0/stm32cubeide/plugins/com.st.stm32cube.ide.mcu.externaltools.gnu-tools-for-stm32.10.3-2021.10.win32_1.0.200.202301161003/tools/bin/../lib/gcc/arm-none-eabi/10.3.1/../../../../arm-none-eabi/lib/thumb/v7e-m+fp/hard/crt0.o (exit)
c:/st/stm32cubeide_1.12.0/stm32cubeide/plugins/com.st.stm32cube.ide.mcu.externaltools.gnu-tools-for-stm32.10.3-2021.10.win32_1.0.200.202301161003/tools/bin/../lib/gcc/arm-none-eabi/10.3.1/../../../../arm-none-eabi/lib/thumb/v7e-m+fp/hard\libc_nano.a(lib_a-findfp.o)
                              ./Middlewares/Third_Party/FreeRTOS/Source/tasks.o (__sf_fake_stderr)
c:/st/stm32cubeide_1.12.0/stm32cubeide/plugins/com.st.stm32cube.ide.mcu.externaltools.gnu-tools-for-stm32.10.3-2021.10.win32_1.0.200.202301161003/tools/bin/../lib/gcc/arm-none-eabi/10.3.1/../../../../arm-none-eabi/lib/thumb/v7e-m+fp/hard\libc_nano.a(lib_a-fwalk.o)
                              c:/st/stm32cubeide_1.12.0/stm32cubeide/plugins/com.st.stm32cube.ide.mcu.externaltools.gnu-tools-for-stm32.10.3-2021.10.win32_1.0.200.202301161003/tools/bin/../lib/gcc/arm-none-eabi/10.3.1/../../../../arm-none-eabi/lib/thumb/v7e-m+fp/hard\libc_nano.a(lib_a-findfp.o) (_fwalk)
c:/st/stm32cubeide_1.12.0/stm32cubeide/plugins/com.st.stm32cube.ide.mcu.externaltools.gnu-tools-for-stm32.10.3-2021.10.win32_1.0.200.202301161003/tools/bin/../lib/gcc/arm-none-eabi/10.3.1/../../../../arm-none-eabi/lib/thumb/v7e-m+fp/hard\libc_nano.a(lib_a-impure.o)
                              c:/st/stm32cubeide_1.12.0/stm32cubeide/plugins/com.st.stm32cube.ide.mcu.externaltools.gnu-tools-for-stm32.10.3-2021.10.win32_1.0.200.202301161003/tools/bin/../lib/gcc/arm-none-eabi/10.3.1/../../../../arm-none-eabi/lib/thumb/v7e-m+fp/hard\libc_nano.a(lib_a-exit.o) (_global_impure_ptr)
c:/st/stm32cubeide_1.12.0/stm32cubeide/plugins/com.st.stm32cube.ide.mcu.externaltools.gnu-tools-for-stm32.10.3-2021.10.win32_1.0.200.202301161003/tools/bin/../lib/gcc/arm-none-eabi/10.3.1/../../../../arm-none-eabi/lib/thumb/v7e-m+fp/hard\libc_nano.a(lib_a-init.o)
                              c:/st/stm32cubeide_1.12.0/stm32cubeide/plugins/com.st.stm32cube.ide.mcu.externaltools.gnu-tools-for-stm32.10.3-2021.10.win32_1.0.200.202301161003/tools/bin/../lib/gcc/arm-none-eabi/10.3.1/../../../../arm-none-eabi/lib/thumb/v7e-m+fp/hard/crt0.o (__libc_init_array)
c:/st/stm32cubeide_1.12.0/stm32cubeide/plugins/com.st.stm32cube.ide.mcu.externaltools.gnu-tools-for-stm32.10.3-2021.10.win32_1.0.200.202301161003/tools/bin/../lib/gcc/arm-none-eabi/10.3.1/../../../../arm-none-eabi/lib/thumb/v7e-m+fp/hard\libc_nano.a(lib_a-lock.o)
                              c:/st/stm32cubeide_1.12.0/stm32cubeide/plugins/com.st.stm32cube.ide.mcu.externaltools.gnu-tools-for-stm32.10.3-2021.10.win32_1.0.200.202301161003/tools/bin/../lib/gcc/arm-none-eabi/10.3.1/../../../../arm-none-eabi/lib/thumb/v7e-m+fp/hard\libc_nano.a(lib_a-findfp.o) (__retarget_lock_init_recursive)
c:/st/stm32cubeide_1.12.0/stm32cubeide/plugins/com.st.stm32cube.ide.mcu.externaltools.gnu-tools-for-stm32.10.3-2021.10.win32_1.0.200.202301161003/tools/bin/../lib/gcc/arm-none-eabi/10.3.1/../../../../arm-none-eabi/lib/thumb/v7e-m+fp/hard\libc_nano.a(lib_a-memcpy-stub.o)
                              ./Middlewares/Third_Party/FreeRTOS/Source/CMSIS_RTOS_V2/cmsis_os2.o (memcpy)
c:/st/stm32cubeide_1.12.0/stm32cubeide/plugins/com.st.stm32cube.ide.mcu.externaltools.gnu-tools-for-stm32.10.3-2021.10.win32_1.0.200.202301161003/tools/bin/../lib/gcc/arm-none-eabi/10.3.1/../../../../arm-none-eabi/lib/thumb/v7e-m+fp/hard\libc_nano.a(lib_a-memset.o)
                              c:/st/stm32cubeide_1.12.0/stm32cubeide/plugins/com.st.stm32cube.ide.mcu.externaltools.gnu-tools-for-stm32.10.3-2021.10.win32_1.0.200.202301161003/tools/bin/../lib/gcc/arm-none-eabi/10.3.1/../../../../arm-none-eabi/lib/thumb/v7e-m+fp/hard/crt0.o (memset)
[...]
Memory Configuration

Name             Origin             Length             Attributes
RAM              0x0000000020000000 0x0000000000020000 xrw
FLASH            0x0000000008000000 0x0000000000080000 xr
*default*        0x0000000000000000 0xffffffffffffffff

Linker script and memory map

LOAD c:/st/stm32cubeide_1.12.0/stm32cubeide/plugins/com.st.stm32cube.ide.mcu.externaltools.gnu-tools-for-stm32.10.3-2021.10.win32_1.0.200.202301161003/tools/bin/../lib/gcc/arm-none-eabi/10.3.1/thumb/v7e-m+fp/hard/crti.o
LOAD c:/st/stm32cubeide_1.12.0/stm32cubeide/plugins/com.st.stm32cube.ide.mcu.externaltools.gnu-tools-for-stm32.10.3-2021.10.win32_1.0.200.202301161003/tools/bin/../lib/gcc/arm-none-eabi/10.3.1/thumb/v7e-m+fp/hard/crtbegin.o
LOAD c:/st/stm32cubeide_1.12.0/stm32cubeide/plugins/com.st.stm32cube.ide.mcu.externaltools.gnu-tools-for-stm32.10.3-2021.10.win32_1.0.200.202301161003/tools/bin/../lib/gcc/arm-none-eabi/10.3.1/../../../../arm-none-eabi/lib/thumb/v7e-m+fp/hard/crt0.o
LOAD ./Core/Src/DHT11.o
LOAD ./Core/Src/UART0.o
LOAD ./Core/Src/button.o
LOAD ./Core/Src/buzzer.o
LOAD ./Core/Src/dcmotor.o
LOAD ./Core/Src/freertos.o
LOAD ./Core/Src/i2c_lcd.o
LOAD ./Core/Src/internal_rtc.o
LOAD ./Core/Src/led.o
LOAD ./Core/Src/main.o
LOAD ./Core/Src/servo_motor.o
LOAD ./Core/Src/stepmotor.o
LOAD ./Core/Src/stm32f4xx_hal_msp.o
LOAD ./Core/Src/stm32f4xx_hal_timebase_tim.o
LOAD ./Core/Src/stm32f4xx_it.o
LOAD ./Core/Src/syscalls.o
LOAD ./Core/Src/sysmem.o
LOAD ./Core/Src/system_stm32f4xx.o
LOAD ./Core/Src/ultrasonic.o
LOAD ./Core/Startup/startup_stm32f411retx.o
LOAD ./Drivers/STM32F4xx_HAL_Driver/Src/stm32f4xx_hal.o
LOAD ./Drivers/STM32F4xx_HAL_Driver/Src/stm32f4xx_hal_cortex.o
LOAD ./Drivers/STM32F4xx_HAL_Driver/Src/stm32f4xx_hal_dma.o
LOAD ./Drivers/STM32F4xx_HAL_Driver/Src/stm32f4xx_hal_dma_ex.o
LOAD ./Drivers/STM32F4xx_HAL_Driver/Src/stm32f4xx_hal_exti.o
LOAD ./Drivers/STM32F4xx_HAL_Driver/Src/stm32f4xx_hal_flash.o
LOAD ./Drivers/STM32F4xx_HAL_Driver/Src/stm32f4xx_hal_flash_ex.o
LOAD ./Drivers/STM32F4xx_HAL_Driver/Src/stm32f4xx_hal_flash_ramfunc.o
LOAD ./Drivers/STM32F4xx_HAL_Driver/Src/stm32f4xx_hal_gpio.o
LOAD ./Drivers/STM32F4xx_HAL_Driver/Src/stm32f4xx_hal_i2c.o
LOAD ./Drivers/STM32F4xx_HAL_Driver/Src/stm32f4xx_hal_i2c_ex.o
LOAD ./Drivers/STM32F4xx_HAL_Driver/Src/stm32f4xx_hal_pwr.o
LOAD ./Drivers/STM32F4xx_HAL_Driver/Src/stm32f4xx_hal_pwr_ex.o
LOAD ./Drivers/STM32F4xx_HAL_Driver/Src/stm32f4xx_hal_rcc.o
LOAD ./Drivers/STM32F4xx_HAL_Driver/Src/stm32f4xx_hal_rcc_ex.o
LOAD ./Drivers/STM32F4xx_HAL_Driver/Src/stm32f4xx_hal_rtc.o
LOAD ./Drivers/STM32F4xx_HAL_Driver/Src/stm32f4xx_hal_rtc_ex.o
LOAD ./Drivers/STM32F4xx_HAL_Driver/Src/stm32f4xx_hal_tim.o
LOAD ./Drivers/STM32F4xx_HAL_Driver/Src/stm32f4xx_hal_tim_ex.o
LOAD ./Drivers/STM32F4xx_HAL_Driver/Src/stm32f4xx_hal_uart.o
LOAD ./Middlewares/Third_Party/FreeRTOS/Source/CMSIS_RTOS_V2/cmsis_os2.o
LOAD ./Middlewares/Third_Party/FreeRTOS/Source/croutine.o
LOAD ./Middlewares/Third_Party/FreeRTOS/Source/event_groups.o
LOAD ./Middlewares/Third_Party/FreeRTOS/Source/list.o
LOAD ./Middlewares/Third_Party/FreeRTOS/Source/queue.o
LOAD ./Middlewares/Third_Party/FreeRTOS/Source/stream_buffer.o
LOAD ./Middlewares/Third_Party/FreeRTOS/Source/tasks.o
LOAD ./Middlewares/Third_Party/FreeRTOS/Source/timers.o
LOAD ./Middlewares/Third_Party/FreeRTOS/Source/portable/GCC/ARM_CM4F/port.o
LOAD ./Middlewares/Third_Party/FreeRTOS/Source/portable/MemMang/heap_4.o
START GROUP
LOAD c:/st/stm32cubeide_1.12.0/stm32cubeide/plugins/com.st.stm32cube.ide.mcu.externaltools.gnu-tools-for-stm32.10.3-2021.10.win32_1.0.200.202301161003/tools/bin/../lib/gcc/arm-none-eabi/10.3.1/../../../../arm-none-eabi/lib/thumb/v7e-m+fp/hard\libc_nano.a
LOAD c:/st/stm32cubeide_1.12.0/stm32cubeide/plugins/com.st.stm32cube.ide.mcu.externaltools.gnu-tools-for-stm32.10.3-2021.10.win32_1.0.200.202301161003/tools/bin/../lib/gcc/arm-none-eabi/10.3.1/../../../../arm-none-eabi/lib/thumb/v7e-m+fp/hard\libm.a
END GROUP
START GROUP
LOAD c:/st/stm32cubeide_1.12.0/stm32cubeide/plugins/com.st.stm32cube.ide.mcu.externaltools.gnu-tools-for-stm32.10.3-2021.10.win32_1.0.200.202301161003/tools/bin/../lib/gcc/arm-none-eabi/10.3.1/thumb/v7e-m+fp/hard\libgcc.a
LOAD c:/st/stm32cubeide_1.12.0/stm32cubeide/plugins/com.st.stm32cube.ide.mcu.externaltools.gnu-tools-for-stm32.10.3-2021.10.win32_1.0.200.202301161003/tools/bin/../lib/gcc/arm-none-eabi/10.3.1/../../../../arm-none-eabi/lib/thumb/v7e-m+fp/hard\libc_nano.a
END GROUP
START GROUP
LOAD c:/st/stm32cubeide_1.12.0/stm32cubeide/plugins/com.st.stm32cube.ide.mcu.externaltools.gnu-tools-for-stm32.10.3-2021.10.win32_1.0.200.202301161003/tools/bin/../lib/gcc/arm-none-eabi/10.3.1/thumb/v7e-m+fp/hard\libgcc.a
LOAD c:/st/stm32cubeide_1.12.0/stm32cubeide/plugins/com.st.stm32cube.ide.mcu.externaltools.gnu-tools-for-stm32.10.3-2021.10.win32_1.0.200.202301161003/tools/bin/../lib/gcc/arm-none-eabi/10.3.1/../../../../arm-none-eabi/lib/thumb/v7e-m+fp/hard\libc_nano.a
LOAD c:/st/stm32cubeide_1.12.0/stm32cubeide/plugins/com.st.stm32cube.ide.mcu.externaltools.gnu-tools-for-stm32.10.3-2021.10.win32_1.0.200.202301161003/tools/bin/../lib/gcc/arm-none-eabi/10.3.1/../../../../arm-none-eabi/lib/thumb/v7e-m+fp/hard\libnosys.a
END GROUP
START GROUP
LOAD c:/st/stm32cubeide_1.12.0/stm32cubeide/plugins/com.st.stm32cube.ide.mcu.externaltools.gnu-tools-for-stm32.10.3-2021.10.win32_1.0.200.202301161003/tools/bin/../lib/gcc/arm-none-eabi/10.3.1/thumb/v7e-m+fp/hard\libgcc.a
LOAD c:/st/stm32cubeide_1.12.0/stm32cubeide/plugins/com.st.stm32cube.ide.mcu.externaltools.gnu-tools-for-stm32.10.3-2021.10.win32_1.0.200.202301161003/tools/bin/../lib/gcc/arm-none-eabi/10.3.1/../../../../arm-none-eabi/lib/thumb/v7e-m+fp/hard\libc_nano.a
LOAD c:/st/stm32cubeide_1.12.0/stm32cubeide/plugins/com.st.stm32cube.ide.mcu.externaltools.gnu-tools-for-stm32.10.3-2021.10.win32_1.0.200.202301161003/tools/bin/../lib/gcc/arm-none-eabi/10.3.1/../../../../arm-none-eabi/lib/thumb/v7e-m+fp/hard\libnosys.a
END GROUP
LOAD c:/st/stm32cubeide_1.12.0/stm32cubeide/plugins/com.st.stm32cube.ide.mcu.externaltools.gnu-tools-for-stm32.10.3-2021.10.win32_1.0.200.202301161003/tools/bin/../lib/gcc/arm-none-eabi/10.3.1/thumb/v7e-m+fp/hard/crtend.o
LOAD c:/st/stm32cubeide_1.12.0/stm32cubeide/plugins/com.st.stm32cube.ide.mcu.externaltools.gnu-tools-for-stm32.10.3-2021.10.win32_1.0.200.202301161003/tools/bin/../lib/gcc/arm-none-eabi/10.3.1/thumb/v7e-m+fp/hard/crtn.o
                0x0000000020020000                _estack = (ORIGIN (RAM) + LENGTH (RAM))
                0x0000000000000200                _Min_Heap_Size = 0x200
                0x0000000000000400                _Min_Stack_Size = 0x400

.isr_vector     0x0000000008000000      0x198
                0x0000000008000000                . = ALIGN (0x4)
 *(.isr_vector)
 .isr_vector    0x0000000008000000      0x198 ./Core/Startup/startup_stm32f411retx.o
                0x0000000008000000                g_pfnVectors
                0x0000000008000198                . = ALIGN (0x4)

.text           0x00000000080001a0     0xa538
                0x00000000080001a0                . = ALIGN (0x4)
 *(.text)
 .text          0x00000000080001a0       0x40 c:/st/stm32cubeide_1.12.0/stm32cubeide/plugins/com.st.stm32cube.ide.mcu.externaltools.gnu-tools-for-stm32.10.3-2021.10.win32_1.0.200.202301161003/tools/bin/../lib/gcc/arm-none-eabi/10.3.1/thumb/v7e-m+fp/hard/crtbegin.o
 .text          0x00000000080001e0       0x30 c:/st/stm32cubeide_1.12.0/stm32cubeide/plugins/com.st.stm32cube.ide.mcu.externaltools.gnu-tools-for-stm32.10.3-2021.10.win32_1.0.200.202301161003/tools/bin/../lib/gcc/arm-none-eabi/10.3.1/thumb/v7e-m+fp/hard\libgcc.a(_aeabi_uldivmod.o)
                0x00000000080001e0                __aeabi_uldivmod
 .text          0x0000000008000210      0x2d0 c:/st/stm32cubeide_1.12.0/stm32cubeide/plugins/com.st.stm32cube.ide.mcu.externaltools.gnu-tools-for-stm32.10.3-2021.10.win32_1.0.200.202301161003/tools/bin/../lib/gcc/arm-none-eabi/10.3.1/thumb/v7e-m+fp/hard\libgcc.a(_udivmoddi4.o)
                0x0000000008000210                __udivmoddi4
 .text          0x00000000080004e0        0x4 c:/st/stm32cubeide_1.12.0/stm32cubeide/plugins/com.st.stm32cube.ide.mcu.externaltools.gnu-tools-for-stm32.10.3-2021.10.win32_1.0.200.202301161003/tools/bin/../lib/gcc/arm-none-eabi/10.3.1/thumb/v7e-m+fp/hard\libgcc.a(_dvmd_tls.o)
                0x00000000080004e0                __aeabi_idiv0
                0x00000000080004e0                __aeabi_ldiv0
 *(.text*)
 .text.HAL_UART_RxCpltCallback
                0x00000000080004e4       0xdc ./Core/Src/UART0.o
                0x00000000080004e4                HAL_UART_RxCpltCallback
 .text.is_full  0x00000000080005c0       0x4c ./Core/Src/UART0.o
                0x00000000080005c0                is_full
 .text.get_button
                0x000000000800060c       0x6c ./Core/Src/button.o
                0x000000000800060c                get_button
 .text.mode_check
                0x0000000008000678       0x90 ./Core/Src/dcmotor.o
                0x0000000008000678                mode_check
 .text.auto_drive
                0x0000000008000708        0xe ./Core/Src/dcmotor.o
                0x0000000008000708                auto_drive
 *fill*         0x0000000008000716        0x2 
 .text.manual_mode_run
                0x0000000008000718      0x110 ./Core/Src/dcmotor.o
                0x0000000008000718                manual_mode_run
 .text.forward  0x0000000008000828       0x38 ./Core/Src/dcmotor.o
                0x0000000008000828                forward
 .text.backward
                0x0000000008000860       0x38 ./Core/Src/dcmotor.o
                0x0000000008000860                backward
 .text.turn_left
                0x0000000008000898       0x24 ./Core/Src/dcmotor.o
                0x0000000008000898                turn_left
 .text.turn_right
                0x00000000080008bc       0x24 ./Core/Src/dcmotor.o
                0x00000000080008bc                turn_right
 .text.stop     0x00000000080008e0       0x3c ./Core/Src/dcmotor.o
                0x00000000080008e0                stop
 .text.left_speed
                0x000000000800091c       0x40 ./Core/Src/dcmotor.o
                0x000000000800091c                left_speed
 .text.right_speed
                0x000000000800095c       0x40 ./Core/Src/dcmotor.o
                0x000000000800095c                right_speed
 .text.left_forward
                0x000000000800099c       0x20 ./Core/Src/dcmotor.o
                0x000000000800099c                left_forward
 .text.right_forward
                0x00000000080009bc       0x24 ./Core/Src/dcmotor.o
                0x00000000080009bc                right_forward
 .text.all_foward
                0x00000000080009e0       0x10 ./Core/Src/dcmotor.o
                0x00000000080009e0                all_foward
 .text.left_backward
                0x00000000080009f0       0x20 ./Core/Src/dcmotor.o
                0x00000000080009f0                left_backward
 .text.right_backward
                0x0000000008000a10       0x24 ./Core/Src/dcmotor.o
                0x0000000008000a10                right_backward
 .text.all_backward
                0x0000000008000a34       0x10 ./Core/Src/dcmotor.o
                0x0000000008000a34                all_backward
 .text.left_stop
                0x0000000008000a44        0xe ./Core/Src/dcmotor.o
                0x0000000008000a44                left_stop
 .text.right_stop
                0x0000000008000a52        0xe ./Core/Src/dcmotor.o
                0x0000000008000a52                right_stop
 .text.all_stop
                0x0000000008000a60       0x10 ./Core/Src/dcmotor.o
                0x0000000008000a60                all_stop
 .text.lcd_command
                0x0000000008000a70       0x68 ./Core/Src/i2c_lcd.o
                0x0000000008000a70                lcd_command
 .text.lcd_data
                0x0000000008000ad8       0x68 ./Core/Src/i2c_lcd.o
                0x0000000008000ad8                lcd_data
 .text.i2c_lcd_init
                0x0000000008000b40       0x32 ./Core/Src/i2c_lcd.o
                0x0000000008000b40                i2c_lcd_init
 .text.lcd_string
                0x0000000008000b72       0x2a ./Core/Src/i2c_lcd.o
                0x0000000008000b72                lcd_string
 .text.move_cursor
                0x0000000008000b9c       0x30 ./Core/Src/i2c_lcd.o
                0x0000000008000b9c                move_cursor
 .text.led_all_off
                0x0000000008000bcc       0x18 ./Core/Src/led.o
                0x0000000008000bcc                led_all_off
 .text.__io_putchar
                0x0000000008000be4       0x24 ./Core/Src/main.o
                0x0000000008000be4                __io_putchar
 .text.HAL_GPIO_EXTI_Callback
                0x0000000008000c08       0x50 ./Core/Src/main.o
                0x0000000008000c08                HAL_GPIO_EXTI_Callback
 .text.main     0x0000000008000c58      0x13c ./Core/Src/main.o
                0x0000000008000c58                main
 .text.SystemClock_Config
                0x0000000008000d94       0xd4 ./Core/Src/main.o
                0x0000000008000d94                SystemClock_Config
 .text.MX_NVIC_Init
                0x0000000008000e68       0x18 ./Core/Src/main.o
 .text.MX_I2C1_Init
                0x0000000008000e80       0x5c ./Core/Src/main.o
 .text.MX_RTC_Init
                0x0000000008000edc       0xb4 ./Core/Src/main.o
 .text.MX_TIM1_Init
                0x0000000008000f90      0x118 ./Core/Src/main.o
 .text.MX_TIM2_Init
                0x00000000080010a8       0xec ./Core/Src/main.o
 .text.MX_TIM3_Init
                0x0000000008001194       0xc8 ./Core/Src/main.o
 .text.MX_TIM11_Init
                0x000000000800125c       0x48 ./Core/Src/main.o
 .text.MX_USART1_UART_Init
                0x00000000080012a4       0x54 ./Core/Src/main.o
 .text.MX_USART2_UART_Init
                0x00000000080012f8       0x54 ./Core/Src/main.o
 .text.MX_GPIO_Init
                0x000000000800134c      0x140 ./Core/Src/main.o
 .text.StartDefaultTask
                0x000000000800148c       0x10 ./Core/Src/main.o
                0x000000000800148c                StartDefaultTask
 .text.StartAutoModeTask
                0x000000000800149c       0x14 ./Core/Src/main.o
                0x000000000800149c                StartAutoModeTask
 .text.StartManualModeTask
                0x00000000080014b0       0x14 ./Core/Src/main.o
                0x00000000080014b0                StartManualModeTask
 .text.StartMonitorTask
                0x00000000080014c4       0x14 ./Core/Src/main.o
                0x00000000080014c4                StartMonitorTask
 .text.HAL_TIM_PeriodElapsedCallback
                0x00000000080014d8       0x5c ./Core/Src/main.o
                0x00000000080014d8                HAL_TIM_PeriodElapsedCallback
 .text.Error_Handler
                0x0000000008001534        0xa ./Core/Src/main.o
                0x0000000008001534                Error_Handler
 *fill*         0x000000000800153e        0x2 
 .text.HAL_MspInit
                0x0000000008001540       0x58 ./Core/Src/stm32f4xx_hal_msp.o
                0x0000000008001540                HAL_MspInit
 .text.HAL_I2C_MspInit
                0x0000000008001598       0x90 ./Core/Src/stm32f4xx_hal_msp.o
                0x0000000008001598                HAL_I2C_MspInit
 .text.HAL_RTC_MspInit
                0x0000000008001628       0x58 ./Core/Src/stm32f4xx_hal_msp.o
                0x0000000008001628                HAL_RTC_MspInit
 .text.HAL_TIM_Base_MspInit
                0x0000000008001680      0x124 ./Core/Src/stm32f4xx_hal_msp.o
                0x0000000008001680                HAL_TIM_Base_MspInit
 .text.HAL_TIM_PWM_MspInit
                0x00000000080017a4       0x50 ./Core/Src/stm32f4xx_hal_msp.o
                0x00000000080017a4                HAL_TIM_PWM_MspInit
 .text.HAL_TIM_MspPostInit
                0x00000000080017f4       0xc0 ./Core/Src/stm32f4xx_hal_msp.o
                0x00000000080017f4                HAL_TIM_MspPostInit
 .text.HAL_UART_MspInit
                0x00000000080018b4      0x118 ./Core/Src/stm32f4xx_hal_msp.o
                0x00000000080018b4                HAL_UART_MspInit
 .text.HAL_InitTick
                0x00000000080019cc       0xe4 ./Core/Src/stm32f4xx_hal_timebase_tim.o
                0x00000000080019cc                HAL_InitTick
 .text.NMI_Handler
                0x0000000008001ab0        0x6 ./Core/Src/stm32f4xx_it.o
                0x0000000008001ab0                NMI_Handler
 .text.HardFault_Handler
                0x0000000008001ab6        0x6 ./Core/Src/stm32f4xx_it.o
                0x0000000008001ab6                HardFault_Handler
 .text.MemManage_Handler
                0x0000000008001abc        0x6 ./Core/Src/stm32f4xx_it.o
                0x0000000008001abc                MemManage_Handler
 .text.BusFault_Handler
                0x0000000008001ac2        0x6 ./Core/Src/stm32f4xx_it.o
                0x0000000008001ac2                BusFault_Handler
 .text.UsageFault_Handler
                0x0000000008001ac8        0x6 ./Core/Src/stm32f4xx_it.o
                0x0000000008001ac8                UsageFault_Handler
 .text.DebugMon_Handler
                0x0000000008001ace        0xe ./Core/Src/stm32f4xx_it.o
                0x0000000008001ace                DebugMon_Handler
 .text.EXTI0_IRQHandler
                0x0000000008001adc        0xe ./Core/Src/stm32f4xx_it.o
                0x0000000008001adc                EXTI0_IRQHandler
 .text.EXTI1_IRQHandler
                0x0000000008001aea        0xe ./Core/Src/stm32f4xx_it.o
                0x0000000008001aea                EXTI1_IRQHandler
 .text.TIM1_BRK_TIM9_IRQHandler
                0x0000000008001af8       0x14 ./Core/Src/stm32f4xx_it.o
                0x0000000008001af8                TIM1_BRK_TIM9_IRQHandler
 .text.TIM1_UP_TIM10_IRQHandler
                0x0000000008001b0c       0x1c ./Core/Src/stm32f4xx_it.o
                0x0000000008001b0c                TIM1_UP_TIM10_IRQHandler
 .text.TIM1_TRG_COM_TIM11_IRQHandler
                0x0000000008001b28       0x1c ./Core/Src/stm32f4xx_it.o
                0x0000000008001b28                TIM1_TRG_COM_TIM11_IRQHandler
 .text.TIM1_CC_IRQHandler
                0x0000000008001b44       0x14 ./Core/Src/stm32f4xx_it.o
                0x0000000008001b44                TIM1_CC_IRQHandler
 .text.TIM2_IRQHandler
                0x0000000008001b58       0x14 ./Core/Src/stm32f4xx_it.o
                0x0000000008001b58                TIM2_IRQHandler
 .text.TIM3_IRQHandler
                0x0000000008001b6c       0x14 ./Core/Src/stm32f4xx_it.o
                0x0000000008001b6c                TIM3_IRQHandler
 .text.USART1_IRQHandler
                0x0000000008001b80       0x14 ./Core/Src/stm32f4xx_it.o
                0x0000000008001b80                USART1_IRQHandler
 .text.USART2_IRQHandler
                0x0000000008001b94       0x14 ./Core/Src/stm32f4xx_it.o
                0x0000000008001b94                USART2_IRQHandler
 .text._read    0x0000000008001ba8       0x3a ./Core/Src/syscalls.o
                0x0000000008001ba8                _read
 .text._write   0x0000000008001be2       0x38 ./Core/Src/syscalls.o
                0x0000000008001be2                _write
 .text._close   0x0000000008001c1a       0x18 ./Core/Src/syscalls.o
                0x0000000008001c1a                _close
 .text._fstat   0x0000000008001c32       0x20 ./Core/Src/syscalls.o
                0x0000000008001c32                _fstat
 .text._isatty  0x0000000008001c52       0x16 ./Core/Src/syscalls.o
                0x0000000008001c52                _isatty
 .text._lseek   0x0000000008001c68       0x1a ./Core/Src/syscalls.o
                0x0000000008001c68                _lseek
 *fill*         0x0000000008001c82        0x2 
 .text._sbrk    0x0000000008001c84       0x6c ./Core/Src/sysmem.o
                0x0000000008001c84                _sbrk
 .text.SystemInit
                0x0000000008001cf0       0x24 ./Core/Src/system_stm32f4xx.o
                0x0000000008001cf0                SystemInit
 .text.HAL_TIM_IC_CaptureCallback
                0x0000000008001d14       0x68 ./Core/Src/ultrasonic.o
                0x0000000008001d14                HAL_TIM_IC_CaptureCallback
 .text.Reset_Handler
                0x0000000008001d7c       0x50 ./Core/Startup/startup_stm32f411retx.o
                0x0000000008001d7c                Reset_Handler
 .text.Default_Handler
                0x0000000008001dcc        0x2 ./Core/Startup/startup_stm32f411retx.o
                0x0000000008001dcc                RTC_Alarm_IRQHandler
                0x0000000008001dcc                EXTI2_IRQHandler
                0x0000000008001dcc                SPI4_IRQHandler
                0x0000000008001dcc                DMA2_Stream5_IRQHandler
                0x0000000008001dcc                DMA1_Stream5_IRQHandler
                0x0000000008001dcc                PVD_IRQHandler
                0x0000000008001dcc                SDIO_IRQHandler
                0x0000000008001dcc                TAMP_STAMP_IRQHandler
                0x0000000008001dcc                EXTI3_IRQHandler
                0x0000000008001dcc                I2C3_ER_IRQHandler
                0x0000000008001dcc                I2C2_EV_IRQHandler
                0x0000000008001dcc                DMA1_Stream2_IRQHandler
                0x0000000008001dcc                FPU_IRQHandler
                0x0000000008001dcc                DMA2_Stream2_IRQHandler
                0x0000000008001dcc                SPI1_IRQHandler
                0x0000000008001dcc                DMA2_Stream3_IRQHandler
                0x0000000008001dcc                USART6_IRQHandler
                0x0000000008001dcc                DMA2_Stream0_IRQHandler
                0x0000000008001dcc                TIM4_IRQHandler
                0x0000000008001dcc                I2C1_EV_IRQHandler
                0x0000000008001dcc                DMA1_Stream6_IRQHandler
                0x0000000008001dcc                DMA1_Stream1_IRQHandler
                0x0000000008001dcc                RCC_IRQHandler
                0x0000000008001dcc                Default_Handler
                0x0000000008001dcc                EXTI15_10_IRQHandler
                0x0000000008001dcc                ADC_IRQHandler
                0x0000000008001dcc                DMA1_Stream7_IRQHandler
                0x0000000008001dcc                SPI5_IRQHandler
                0x0000000008001dcc                TIM5_IRQHandler
                0x0000000008001dcc                DMA2_Stream7_IRQHandler
                0x0000000008001dcc                I2C3_EV_IRQHandler
                0x0000000008001dcc                EXTI9_5_IRQHandler
                0x0000000008001dcc                RTC_WKUP_IRQHandler
                0x0000000008001dcc                SPI2_IRQHandler
                0x0000000008001dcc                DMA1_Stream0_IRQHandler
                0x0000000008001dcc                EXTI4_IRQHandler
                0x0000000008001dcc                WWDG_IRQHandler
                0x0000000008001dcc                OTG_FS_WKUP_IRQHandler
                0x0000000008001dcc                I2C2_ER_IRQHandler
                0x0000000008001dcc                DMA2_Stream1_IRQHandler
                0x0000000008001dcc                FLASH_IRQHandler
                0x0000000008001dcc                DMA2_Stream4_IRQHandler
                0x0000000008001dcc                OTG_FS_IRQHandler
                0x0000000008001dcc                SPI3_IRQHandler
                0x0000000008001dcc                DMA1_Stream4_IRQHandler
                0x0000000008001dcc                I2C1_ER_IRQHandler
                0x0000000008001dcc                DMA2_Stream6_IRQHandler
                0x0000000008001dcc                DMA1_Stream3_IRQHandler
 *fill*         0x0000000008001dce        0x2 
 .text.HAL_Init
                0x0000000008001dd0       0x44 ./Drivers/STM32F4xx_HAL_Driver/Src/stm32f4xx_hal.o
                0x0000000008001dd0                HAL_Init
 .text.HAL_IncTick
                0x0000000008001e14       0x28 ./Drivers/STM32F4xx_HAL_Driver/Src/stm32f4xx_hal.o
                0x0000000008001e14                HAL_IncTick
 .text.HAL_GetTick
                0x0000000008001e3c       0x18 ./Drivers/STM32F4xx_HAL_Driver/Src/stm32f4xx_hal.o
                0x0000000008001e3c                HAL_GetTick
 .text.HAL_Delay
                0x0000000008001e54       0x48 ./Drivers/STM32F4xx_HAL_Driver/Src/stm32f4xx_hal.o
                0x0000000008001e54                HAL_Delay
 .text.__NVIC_SetPriorityGrouping
                0x0000000008001e9c       0x48 ./Drivers/STM32F4xx_HAL_Driver/Src/stm32f4xx_hal_cortex.o
 .text.__NVIC_GetPriorityGrouping
                0x0000000008001ee4       0x1c ./Drivers/STM32F4xx_HAL_Driver/Src/stm32f4xx_hal_cortex.o
 .text.__NVIC_EnableIRQ
                0x0000000008001f00       0x3c ./Drivers/STM32F4xx_HAL_Driver/Src/stm32f4xx_hal_cortex.o
 .text.__NVIC_SetPriority
                0x0000000008001f3c       0x54 ./Drivers/STM32F4xx_HAL_Driver/Src/stm32f4xx_hal_cortex.o
 .text.NVIC_EncodePriority
                0x0000000008001f90       0x66 ./Drivers/STM32F4xx_HAL_Driver/Src/stm32f4xx_hal_cortex.o
 .text.HAL_NVIC_SetPriorityGrouping
                0x0000000008001ff6       0x16 ./Drivers/STM32F4xx_HAL_Driver/Src/stm32f4xx_hal_cortex.o
                0x0000000008001ff6                HAL_NVIC_SetPriorityGrouping
 .text.HAL_NVIC_SetPriority
                0x000000000800200c       0x38 ./Drivers/STM32F4xx_HAL_Driver/Src/stm32f4xx_hal_cortex.o
                0x000000000800200c                HAL_NVIC_SetPriority
 .text.HAL_NVIC_EnableIRQ
                0x0000000008002044       0x1c ./Drivers/STM32F4xx_HAL_Driver/Src/stm32f4xx_hal_cortex.o
                0x0000000008002044                HAL_NVIC_EnableIRQ
 .text.HAL_DMA_Abort
                0x0000000008002060       0xe0 ./Drivers/STM32F4xx_HAL_Driver/Src/stm32f4xx_hal_dma.o
                0x0000000008002060                HAL_DMA_Abort
 .text.HAL_DMA_Abort_IT
                0x0000000008002140       0x44 ./Drivers/STM32F4xx_HAL_Driver/Src/stm32f4xx_hal_dma.o
                0x0000000008002140                HAL_DMA_Abort_IT
 .text.HAL_GPIO_Init
                0x0000000008002184      0x308 ./Drivers/STM32F4xx_HAL_Driver/Src/stm32f4xx_hal_gpio.o
                0x0000000008002184                HAL_GPIO_Init
 .text.HAL_GPIO_ReadPin
                0x000000000800248c       0x30 ./Drivers/STM32F4xx_HAL_Driver/Src/stm32f4xx_hal_gpio.o
                0x000000000800248c                HAL_GPIO_ReadPin
 .text.HAL_GPIO_WritePin
                0x00000000080024bc       0x32 ./Drivers/STM32F4xx_HAL_Driver/Src/stm32f4xx_hal_gpio.o
                0x00000000080024bc                HAL_GPIO_WritePin
 *fill*         0x00000000080024ee        0x2 
 .text.HAL_GPIO_EXTI_IRQHandler
                0x00000000080024f0       0x30 ./Drivers/STM32F4xx_HAL_Driver/Src/stm32f4xx_hal_gpio.o
                0x00000000080024f0                HAL_GPIO_EXTI_IRQHandler
 .text.HAL_I2C_Init
                0x0000000008002520      0x288 ./Drivers/STM32F4xx_HAL_Driver/Src/stm32f4xx_hal_i2c.o
                0x0000000008002520                HAL_I2C_Init
 .text.HAL_I2C_Master_Transmit
                0x00000000080027a8      0x1fc ./Drivers/STM32F4xx_HAL_Driver/Src/stm32f4xx_hal_i2c.o
                0x00000000080027a8                HAL_I2C_Master_Transmit
 .text.I2C_MasterRequestWrite
                0x00000000080029a4      0x104 ./Drivers/STM32F4xx_HAL_Driver/Src/stm32f4xx_hal_i2c.o
 .text.I2C_WaitOnFlagUntilTimeout
                0x0000000008002aa8       0xae ./Drivers/STM32F4xx_HAL_Driver/Src/stm32f4xx_hal_i2c.o
 .text.I2C_WaitOnMasterAddressFlagUntilTimeout
                0x0000000008002b56       0xfe ./Drivers/STM32F4xx_HAL_Driver/Src/stm32f4xx_hal_i2c.o
 .text.I2C_WaitOnTXEFlagUntilTimeout
                0x0000000008002c54       0x82 ./Drivers/STM32F4xx_HAL_Driver/Src/stm32f4xx_hal_i2c.o
 .text.I2C_WaitOnBTFFlagUntilTimeout
                0x0000000008002cd6       0x82 ./Drivers/STM32F4xx_HAL_Driver/Src/stm32f4xx_hal_i2c.o
 .text.I2C_IsAcknowledgeFailed
                0x0000000008002d58       0x5e ./Drivers/STM32F4xx_HAL_Driver/Src/stm32f4xx_hal_i2c.o
 *fill*         0x0000000008002db6        0x2 
 .text.HAL_RCC_OscConfig
                0x0000000008002db8      0x4f0 ./Drivers/STM32F4xx_HAL_Driver/Src/stm32f4xx_hal_rcc.o
                0x0000000008002db8                HAL_RCC_OscConfig
 .text.HAL_RCC_ClockConfig
                0x00000000080032a8      0x1cc ./Drivers/STM32F4xx_HAL_Driver/Src/stm32f4xx_hal_rcc.o
                0x00000000080032a8                HAL_RCC_ClockConfig
 .text.HAL_RCC_GetSysClockFreq
                0x0000000008003474      0x20c ./Drivers/STM32F4xx_HAL_Driver/Src/stm32f4xx_hal_rcc.o
                0x0000000008003474                HAL_RCC_GetSysClockFreq
 .text.HAL_RCC_GetHCLKFreq
                0x0000000008003680       0x18 ./Drivers/STM32F4xx_HAL_Driver/Src/stm32f4xx_hal_rcc.o
                0x0000000008003680                HAL_RCC_GetHCLKFreq
 .text.HAL_RCC_GetPCLK1Freq
                0x0000000008003698       0x28 ./Drivers/STM32F4xx_HAL_Driver/Src/stm32f4xx_hal_rcc.o
                0x0000000008003698                HAL_RCC_GetPCLK1Freq
 .text.HAL_RCC_GetPCLK2Freq
                0x00000000080036c0       0x28 ./Drivers/STM32F4xx_HAL_Driver/Src/stm32f4xx_hal_rcc.o
                0x00000000080036c0                HAL_RCC_GetPCLK2Freq
 .text.HAL_RCC_GetClockConfig
                0x00000000080036e8       0x64 ./Drivers/STM32F4xx_HAL_Driver/Src/stm32f4xx_hal_rcc.o
                0x00000000080036e8                HAL_RCC_GetClockConfig
 .text.HAL_RCCEx_PeriphCLKConfig
                0x000000000800374c      0x1e0 ./Drivers/STM32F4xx_HAL_Driver/Src/stm32f4xx_hal_rcc_ex.o
                0x000000000800374c                HAL_RCCEx_PeriphCLKConfig
 .text.HAL_RTC_Init
                0x000000000800392c       0xec ./Drivers/STM32F4xx_HAL_Driver/Src/stm32f4xx_hal_rtc.o
                0x000000000800392c                HAL_RTC_Init
 .text.HAL_RTC_SetTime
                0x0000000008003a18      0x134 ./Drivers/STM32F4xx_HAL_Driver/Src/stm32f4xx_hal_rtc.o
                0x0000000008003a18                HAL_RTC_SetTime
 .text.HAL_RTC_SetDate
                0x0000000008003b4c      0x108 ./Drivers/STM32F4xx_HAL_Driver/Src/stm32f4xx_hal_rtc.o
                0x0000000008003b4c                HAL_RTC_SetDate
 .text.HAL_RTC_WaitForSynchro
                0x0000000008003c54       0x50 ./Drivers/STM32F4xx_HAL_Driver/Src/stm32f4xx_hal_rtc.o
                0x0000000008003c54                HAL_RTC_WaitForSynchro
 .text.RTC_EnterInitMode
                0x0000000008003ca4       0x6e ./Drivers/STM32F4xx_HAL_Driver/Src/stm32f4xx_hal_rtc.o
                0x0000000008003ca4                RTC_EnterInitMode
 .text.RTC_ExitInitMode
                0x0000000008003d12       0x4a ./Drivers/STM32F4xx_HAL_Driver/Src/stm32f4xx_hal_rtc.o
                0x0000000008003d12                RTC_ExitInitMode
 .text.RTC_ByteToBcd2
                0x0000000008003d5c       0x3a ./Drivers/STM32F4xx_HAL_Driver/Src/stm32f4xx_hal_rtc.o
                0x0000000008003d5c                RTC_ByteToBcd2
 .text.HAL_TIM_Base_Init
                0x0000000008003d96       0x9e ./Drivers/STM32F4xx_HAL_Driver/Src/stm32f4xx_hal_tim.o
                0x0000000008003d96                HAL_TIM_Base_Init
 .text.HAL_TIM_Base_Start_IT
                0x0000000008003e34       0xc4 ./Drivers/STM32F4xx_HAL_Driver/Src/stm32f4xx_hal_tim.o
                0x0000000008003e34                HAL_TIM_Base_Start_IT
 .text.HAL_TIM_PWM_Init
                0x0000000008003ef8       0x9e ./Drivers/STM32F4xx_HAL_Driver/Src/stm32f4xx_hal_tim.o
                0x0000000008003ef8                HAL_TIM_PWM_Init
 *fill*         0x0000000008003f96        0x2 
 .text.HAL_TIM_PWM_Start
                0x0000000008003f98      0x160 ./Drivers/STM32F4xx_HAL_Driver/Src/stm32f4xx_hal_tim.o
                0x0000000008003f98                HAL_TIM_PWM_Start
 .text.HAL_TIM_PWM_Stop
                0x00000000080040f8       0xc8 ./Drivers/STM32F4xx_HAL_Driver/Src/stm32f4xx_hal_tim.o
                0x00000000080040f8                HAL_TIM_PWM_Stop
 .text.HAL_TIM_PWM_Start_IT
                0x00000000080041c0      0x1fc ./Drivers/STM32F4xx_HAL_Driver/Src/stm32f4xx_hal_tim.o
                0x00000000080041c0                HAL_TIM_PWM_Start_IT
 .text.HAL_TIM_IC_Init
                0x00000000080043bc       0x9e ./Drivers/STM32F4xx_HAL_Driver/Src/stm32f4xx_hal_tim.o
                0x00000000080043bc                HAL_TIM_IC_Init
 .text.HAL_TIM_IC_MspInit
                0x000000000800445a       0x14 ./Drivers/STM32F4xx_HAL_Driver/Src/stm32f4xx_hal_tim.o
                0x000000000800445a                HAL_TIM_IC_MspInit
 *fill*         0x000000000800446e        0x2 
 .text.HAL_TIM_IC_Start_IT
                0x0000000008004470      0x234 ./Drivers/STM32F4xx_HAL_Driver/Src/stm32f4xx_hal_tim.o
                0x0000000008004470                HAL_TIM_IC_Start_IT
 .text.HAL_TIM_IRQHandler
                0x00000000080046a4      0x210 ./Drivers/STM32F4xx_HAL_Driver/Src/stm32f4xx_hal_tim.o
                0x00000000080046a4                HAL_TIM_IRQHandler
 .text.HAL_TIM_IC_ConfigChannel
                0x00000000080048b4      0x138 ./Drivers/STM32F4xx_HAL_Driver/Src/stm32f4xx_hal_tim.o
                0x00000000080048b4                HAL_TIM_IC_ConfigChannel
 .text.HAL_TIM_PWM_ConfigChannel
                0x00000000080049ec      0x184 ./Drivers/STM32F4xx_HAL_Driver/Src/stm32f4xx_hal_tim.o
                0x00000000080049ec                HAL_TIM_PWM_ConfigChannel
 .text.HAL_TIM_ConfigClockSource
                0x0000000008004b70      0x18e ./Drivers/STM32F4xx_HAL_Driver/Src/stm32f4xx_hal_tim.o
                0x0000000008004b70                HAL_TIM_ConfigClockSource
 *fill*         0x0000000008004cfe        0x2 
 .text.HAL_TIM_ReadCapturedValue
                0x0000000008004d00       0x88 ./Drivers/STM32F4xx_HAL_Driver/Src/stm32f4xx_hal_tim.o
                0x0000000008004d00                HAL_TIM_ReadCapturedValue
 .text.HAL_TIM_OC_DelayElapsedCallback
                0x0000000008004d88       0x14 ./Drivers/STM32F4xx_HAL_Driver/Src/stm32f4xx_hal_tim.o
                0x0000000008004d88                HAL_TIM_OC_DelayElapsedCallback
 .text.HAL_TIM_PWM_PulseFinishedCallback
                0x0000000008004d9c       0x14 ./Drivers/STM32F4xx_HAL_Driver/Src/stm32f4xx_hal_tim.o
                0x0000000008004d9c                HAL_TIM_PWM_PulseFinishedCallback
 .text.HAL_TIM_TriggerCallback
                0x0000000008004db0       0x14 ./Drivers/STM32F4xx_HAL_Driver/Src/stm32f4xx_hal_tim.o
                0x0000000008004db0                HAL_TIM_TriggerCallback
 .text.TIM_Base_SetConfig
                0x0000000008004dc4      0x100 ./Drivers/STM32F4xx_HAL_Driver/Src/stm32f4xx_hal_tim.o
                0x0000000008004dc4                TIM_Base_SetConfig
 .text.TIM_OC1_SetConfig
                0x0000000008004ec4       0xcc ./Drivers/STM32F4xx_HAL_Driver/Src/stm32f4xx_hal_tim.o
 .text.TIM_OC2_SetConfig
                0x0000000008004f90       0xd8 ./Drivers/STM32F4xx_HAL_Driver/Src/stm32f4xx_hal_tim.o
                0x0000000008004f90                TIM_OC2_SetConfig
 .text.TIM_OC3_SetConfig
                0x0000000008005068       0xd4 ./Drivers/STM32F4xx_HAL_Driver/Src/stm32f4xx_hal_tim.o
 .text.TIM_OC4_SetConfig
                0x000000000800513c       0xa0 ./Drivers/STM32F4xx_HAL_Driver/Src/stm32f4xx_hal_tim.o
 .text.TIM_TI1_SetConfig
                0x00000000080051dc       0xd0 ./Drivers/STM32F4xx_HAL_Driver/Src/stm32f4xx_hal_tim.o
                0x00000000080051dc                TIM_TI1_SetConfig
 .text.TIM_TI1_ConfigInputStage
                0x00000000080052ac       0x5e ./Drivers/STM32F4xx_HAL_Driver/Src/stm32f4xx_hal_tim.o
 .text.TIM_TI2_SetConfig
                0x000000000800530a       0x7a ./Drivers/STM32F4xx_HAL_Driver/Src/stm32f4xx_hal_tim.o
 .text.TIM_TI2_ConfigInputStage
                0x0000000008005384       0x60 ./Drivers/STM32F4xx_HAL_Driver/Src/stm32f4xx_hal_tim.o
 .text.TIM_TI3_SetConfig
                0x00000000080053e4       0x78 ./Drivers/STM32F4xx_HAL_Driver/Src/stm32f4xx_hal_tim.o
 .text.TIM_TI4_SetConfig
                0x000000000800545c       0x7a ./Drivers/STM32F4xx_HAL_Driver/Src/stm32f4xx_hal_tim.o
 .text.TIM_ITRx_SetConfig
                0x00000000080054d6       0x36 ./Drivers/STM32F4xx_HAL_Driver/Src/stm32f4xx_hal_tim.o
 .text.TIM_ETR_SetConfig
                0x000000000800550c       0x40 ./Drivers/STM32F4xx_HAL_Driver/Src/stm32f4xx_hal_tim.o
                0x000000000800550c                TIM_ETR_SetConfig
 .text.TIM_CCxChannelCmd
                0x000000000800554c       0x4a ./Drivers/STM32F4xx_HAL_Driver/Src/stm32f4xx_hal_tim.o
                0x000000000800554c                TIM_CCxChannelCmd
 *fill*         0x0000000008005596        0x2 
 .text.HAL_TIMEx_MasterConfigSynchronization
                0x0000000008005598       0xdc ./Drivers/STM32F4xx_HAL_Driver/Src/stm32f4xx_hal_tim_ex.o
                0x0000000008005598                HAL_TIMEx_MasterConfigSynchronization
 .text.HAL_TIMEx_CommutCallback
                0x0000000008005674       0x14 ./Drivers/STM32F4xx_HAL_Driver/Src/stm32f4xx_hal_tim_ex.o
                0x0000000008005674                HAL_TIMEx_CommutCallback
 .text.HAL_TIMEx_BreakCallback
                0x0000000008005688       0x14 ./Drivers/STM32F4xx_HAL_Driver/Src/stm32f4xx_hal_tim_ex.o
                0x0000000008005688                HAL_TIMEx_BreakCallback
 .text.HAL_UART_Init
                0x000000000800569c       0x9a ./Drivers/STM32F4xx_HAL_Driver/Src/stm32f4xx_hal_uart.o
                0x000000000800569c                HAL_UART_Init
 .text.HAL_UART_Transmit
                0x0000000008005736      0x124 ./Drivers/STM32F4xx_HAL_Driver/Src/stm32f4xx_hal_uart.o
                0x0000000008005736                HAL_UART_Transmit
 .text.HAL_UART_Receive_IT
                0x000000000800585a       0x60 ./Drivers/STM32F4xx_HAL_Driver/Src/stm32f4xx_hal_uart.o
                0x000000000800585a                HAL_UART_Receive_IT
 *fill*         0x00000000080058ba        0x2 
 .text.HAL_UART_IRQHandler
                0x00000000080058bc      0x51c ./Drivers/STM32F4xx_HAL_Driver/Src/stm32f4xx_hal_uart.o
                0x00000000080058bc                HAL_UART_IRQHandler
 .text.HAL_UART_TxCpltCallback
                0x0000000008005dd8       0x14 ./Drivers/STM32F4xx_HAL_Driver/Src/stm32f4xx_hal_uart.o
                0x0000000008005dd8                HAL_UART_TxCpltCallback
 .text.HAL_UART_ErrorCallback
                0x0000000008005dec       0x14 ./Drivers/STM32F4xx_HAL_Driver/Src/stm32f4xx_hal_uart.o
                0x0000000008005dec                HAL_UART_ErrorCallback
 .text.HAL_UARTEx_RxEventCallback
                0x0000000008005e00       0x18 ./Drivers/STM32F4xx_HAL_Driver/Src/stm32f4xx_hal_uart.o
                0x0000000008005e00                HAL_UARTEx_RxEventCallback
 .text.UART_WaitOnFlagUntilTimeout
                0x0000000008005e18       0xdc ./Drivers/STM32F4xx_HAL_Driver/Src/stm32f4xx_hal_uart.o
 .text.UART_Start_Receive_IT
                0x0000000008005ef4       0x7c ./Drivers/STM32F4xx_HAL_Driver/Src/stm32f4xx_hal_uart.o
                0x0000000008005ef4                UART_Start_Receive_IT
 .text.UART_EndRxTransfer
                0x0000000008005f70       0xc6 ./Drivers/STM32F4xx_HAL_Driver/Src/stm32f4xx_hal_uart.o
 .text.UART_DMAAbortOnError
                0x0000000008006036       0x28 ./Drivers/STM32F4xx_HAL_Driver/Src/stm32f4xx_hal_uart.o
 .text.UART_Transmit_IT
                0x000000000800605e       0xa0 ./Drivers/STM32F4xx_HAL_Driver/Src/stm32f4xx_hal_uart.o
 .text.UART_EndTransmit_IT
                0x00000000080060fe       0x30 ./Drivers/STM32F4xx_HAL_Driver/Src/stm32f4xx_hal_uart.o
 .text.UART_Receive_IT
                0x000000000800612e      0x176 ./Drivers/STM32F4xx_HAL_Driver/Src/stm32f4xx_hal_uart.o
 .text.UART_SetConfig
                0x00000000080062a4      0x4e8 ./Drivers/STM32F4xx_HAL_Driver/Src/stm32f4xx_hal_uart.o
 .text.__NVIC_SetPriority
                0x000000000800678c       0x54 ./Middlewares/Third_Party/FreeRTOS/Source/CMSIS_RTOS_V2/cmsis_os2.o
 .text.SysTick_Handler
                0x00000000080067e0       0x20 ./Middlewares/Third_Party/FreeRTOS/Source/CMSIS_RTOS_V2/cmsis_os2.o
                0x00000000080067e0                SysTick_Handler
 .text.SVC_Setup
                0x0000000008006800       0x12 ./Middlewares/Third_Party/FreeRTOS/Source/CMSIS_RTOS_V2/cmsis_os2.o
 *fill*         0x0000000008006812        0x2 
 .text.osKernelInitialize
                0x0000000008006814       0x48 ./Middlewares/Third_Party/FreeRTOS/Source/CMSIS_RTOS_V2/cmsis_os2.o
                0x0000000008006814                osKernelInitialize
 .text.osKernelStart
                0x000000000800685c       0x4c ./Middlewares/Third_Party/FreeRTOS/Source/CMSIS_RTOS_V2/cmsis_os2.o
                0x000000000800685c                osKernelStart
 .text.osThreadNew
                0x00000000080068a8      0x124 ./Middlewares/Third_Party/FreeRTOS/Source/CMSIS_RTOS_V2/cmsis_os2.o
                0x00000000080068a8                osThreadNew
 .text.osDelay  0x00000000080069cc       0x36 ./Middlewares/Third_Party/FreeRTOS/Source/CMSIS_RTOS_V2/cmsis_os2.o
                0x00000000080069cc                osDelay
 .text.osMutexNew
                0x0000000008006a02      0x10c ./Middlewares/Third_Party/FreeRTOS/Source/CMSIS_RTOS_V2/cmsis_os2.o
                0x0000000008006a02                osMutexNew
 .text.osMutexAcquire
                0x0000000008006b0e       0x96 ./Middlewares/Third_Party/FreeRTOS/Source/CMSIS_RTOS_V2/cmsis_os2.o
                0x0000000008006b0e                osMutexAcquire
 .text.osMutexRelease
                0x0000000008006ba4       0x7a ./Middlewares/Third_Party/FreeRTOS/Source/CMSIS_RTOS_V2/cmsis_os2.o
                0x0000000008006ba4                osMutexRelease
 *fill*         0x0000000008006c1e        0x2 
 .text.vApplicationGetIdleTaskMemory
                0x0000000008006c20       0x34 ./Middlewares/Third_Party/FreeRTOS/Source/CMSIS_RTOS_V2/cmsis_os2.o
                0x0000000008006c20                vApplicationGetIdleTaskMemory
 .text.vApplicationGetTimerTaskMemory
                0x0000000008006c54       0x34 ./Middlewares/Third_Party/FreeRTOS/Source/CMSIS_RTOS_V2/cmsis_os2.o
                0x0000000008006c54                vApplicationGetTimerTaskMemory
 .text.vListInitialise
                0x0000000008006c88       0x40 ./Middlewares/Third_Party/FreeRTOS/Source/list.o
                0x0000000008006c88                vListInitialise
 .text.vListInitialiseItem
                0x0000000008006cc8       0x1a ./Middlewares/Third_Party/FreeRTOS/Source/list.o
                0x0000000008006cc8                vListInitialiseItem
 .text.vListInsertEnd
                0x0000000008006ce2       0x48 ./Middlewares/Third_Party/FreeRTOS/Source/list.o
                0x0000000008006ce2                vListInsertEnd
 .text.vListInsert
                0x0000000008006d2a       0x72 ./Middlewares/Third_Party/FreeRTOS/Source/list.o
                0x0000000008006d2a                vListInsert
 .text.uxListRemove
                0x0000000008006d9c       0x54 ./Middlewares/Third_Party/FreeRTOS/Source/list.o
                0x0000000008006d9c                uxListRemove
 .text.xQueueGenericReset
                0x0000000008006df0       0xd0 ./Middlewares/Third_Party/FreeRTOS/Source/queue.o
                0x0000000008006df0                xQueueGenericReset
 .text.xQueueGenericCreateStatic
                0x0000000008006ec0       0xf0 ./Middlewares/Third_Party/FreeRTOS/Source/queue.o
                0x0000000008006ec0                xQueueGenericCreateStatic
 .text.xQueueGenericCreate
                0x0000000008006fb0       0x74 ./Middlewares/Third_Party/FreeRTOS/Source/queue.o
                0x0000000008006fb0                xQueueGenericCreate
 .text.prvInitialiseNewQueue
                0x0000000008007024       0x46 ./Middlewares/Third_Party/FreeRTOS/Source/queue.o
 .text.prvInitialiseMutex
                0x000000000800706a       0x34 ./Middlewares/Third_Party/FreeRTOS/Source/queue.o
 .text.xQueueCreateMutex
                0x000000000800709e       0x30 ./Middlewares/Third_Party/FreeRTOS/Source/queue.o
                0x000000000800709e                xQueueCreateMutex
 .text.xQueueCreateMutexStatic
                0x00000000080070ce       0x36 ./Middlewares/Third_Party/FreeRTOS/Source/queue.o
                0x00000000080070ce                xQueueCreateMutexStatic
 .text.xQueueGiveMutexRecursive
                0x0000000008007104       0x68 ./Middlewares/Third_Party/FreeRTOS/Source/queue.o
                0x0000000008007104                xQueueGiveMutexRecursive
 .text.xQueueTakeMutexRecursive
                0x000000000800716c       0x6c ./Middlewares/Third_Party/FreeRTOS/Source/queue.o
                0x000000000800716c                xQueueTakeMutexRecursive
 .text.xQueueGenericSend
                0x00000000080071d8      0x1fc ./Middlewares/Third_Party/FreeRTOS/Source/queue.o
                0x00000000080071d8                xQueueGenericSend
 .text.xQueueGenericSendFromISR
                0x00000000080073d4      0x136 ./Middlewares/Third_Party/FreeRTOS/Source/queue.o
                0x00000000080073d4                xQueueGenericSendFromISR
 *fill*         0x000000000800750a        0x2 
 .text.xQueueReceive
                0x000000000800750c      0x1c0 ./Middlewares/Third_Party/FreeRTOS/Source/queue.o
                0x000000000800750c                xQueueReceive
 .text.xQueueSemaphoreTake
                0x00000000080076cc      0x218 ./Middlewares/Third_Party/FreeRTOS/Source/queue.o
                0x00000000080076cc                xQueueSemaphoreTake
 .text.prvGetDisinheritPriorityAfterTimeout
                0x00000000080078e4       0x30 ./Middlewares/Third_Party/FreeRTOS/Source/queue.o
 .text.prvCopyDataToQueue
                0x0000000008007914       0xd4 ./Middlewares/Third_Party/FreeRTOS/Source/queue.o
 .text.prvCopyDataFromQueue
                0x00000000080079e8       0x4c ./Middlewares/Third_Party/FreeRTOS/Source/queue.o
 .text.prvUnlockQueue
                0x0000000008007a34       0xa4 ./Middlewares/Third_Party/FreeRTOS/Source/queue.o
 .text.prvIsQueueEmpty
                0x0000000008007ad8       0x2c ./Middlewares/Third_Party/FreeRTOS/Source/queue.o
 .text.prvIsQueueFull
                0x0000000008007b04       0x30 ./Middlewares/Third_Party/FreeRTOS/Source/queue.o
 .text.vQueueAddToRegistry
                0x0000000008007b34       0x54 ./Middlewares/Third_Party/FreeRTOS/Source/queue.o
                0x0000000008007b34                vQueueAddToRegistry
 .text.vQueueWaitForMessageRestricted
                0x0000000008007b88       0x68 ./Middlewares/Third_Party/FreeRTOS/Source/queue.o
                0x0000000008007b88                vQueueWaitForMessageRestricted
 .text.xTaskCreateStatic
                0x0000000008007bf0       0xba ./Middlewares/Third_Party/FreeRTOS/Source/tasks.o
                0x0000000008007bf0                xTaskCreateStatic
 .text.xTaskCreate
                0x0000000008007caa       0x8a ./Middlewares/Third_Party/FreeRTOS/Source/tasks.o
                0x0000000008007caa                xTaskCreate
 .text.prvInitialiseNewTask
                0x0000000008007d34      0x14c ./Middlewares/Third_Party/FreeRTOS/Source/tasks.o
 .text.prvAddNewTaskToReadyList
                0x0000000008007e80       0xe0 ./Middlewares/Third_Party/FreeRTOS/Source/tasks.o
 .text.vTaskDelay
                0x0000000008007f60       0x68 ./Middlewares/Third_Party/FreeRTOS/Source/tasks.o
                0x0000000008007f60                vTaskDelay
 .text.vTaskStartScheduler
                0x0000000008007fc8       0xe0 ./Middlewares/Third_Party/FreeRTOS/Source/tasks.o
                0x0000000008007fc8                vTaskStartScheduler
 .text.vTaskSuspendAll
                0x00000000080080a8       0x1c ./Middlewares/Third_Party/FreeRTOS/Source/tasks.o
                0x00000000080080a8                vTaskSuspendAll
 .text.xTaskResumeAll
                0x00000000080080c4      0x13c ./Middlewares/Third_Party/FreeRTOS/Source/tasks.o
                0x00000000080080c4                xTaskResumeAll
 .text.xTaskGetTickCount
                0x0000000008008200       0x20 ./Middlewares/Third_Party/FreeRTOS/Source/tasks.o
                0x0000000008008200                xTaskGetTickCount
 .text.xTaskIncrementTick
                0x0000000008008220      0x174 ./Middlewares/Third_Party/FreeRTOS/Source/tasks.o
                0x0000000008008220                xTaskIncrementTick
 .text.vTaskSwitchContext
                0x0000000008008394       0xc8 ./Middlewares/Third_Party/FreeRTOS/Source/tasks.o
                0x0000000008008394                vTaskSwitchContext
 .text.vTaskPlaceOnEventList
                0x000000000800845c       0x48 ./Middlewares/Third_Party/FreeRTOS/Source/tasks.o
                0x000000000800845c                vTaskPlaceOnEventList
 .text.vTaskPlaceOnEventListRestricted
                0x00000000080084a4       0x58 ./Middlewares/Third_Party/FreeRTOS/Source/tasks.o
                0x00000000080084a4                vTaskPlaceOnEventListRestricted
 .text.xTaskRemoveFromEventList
                0x00000000080084fc       0xc8 ./Middlewares/Third_Party/FreeRTOS/Source/tasks.o
                0x00000000080084fc                xTaskRemoveFromEventList
 .text.vTaskInternalSetTimeOutState
                0x00000000080085c4       0x2c ./Middlewares/Third_Party/FreeRTOS/Source/tasks.o
                0x00000000080085c4                vTaskInternalSetTimeOutState
 .text.xTaskCheckForTimeOut
                0x00000000080085f0       0xc4 ./Middlewares/Third_Party/FreeRTOS/Source/tasks.o
                0x00000000080085f0                xTaskCheckForTimeOut
 .text.vTaskMissedYield
                0x00000000080086b4       0x18 ./Middlewares/Third_Party/FreeRTOS/Source/tasks.o
                0x00000000080086b4                vTaskMissedYield
 .text.prvIdleTask
                0x00000000080086cc       0x30 ./Middlewares/Third_Party/FreeRTOS/Source/tasks.o
 .text.prvInitialiseTaskLists
                0x00000000080086fc       0x80 ./Middlewares/Third_Party/FreeRTOS/Source/tasks.o
 .text.prvCheckTasksWaitingTermination
                0x000000000800877c       0x5c ./Middlewares/Third_Party/FreeRTOS/Source/tasks.o
 .text.prvDeleteTCB
                0x00000000080087d8       0x68 ./Middlewares/Third_Party/FreeRTOS/Source/tasks.o
 .text.prvResetNextTaskUnblockTime
                0x0000000008008840       0x40 ./Middlewares/Third_Party/FreeRTOS/Source/tasks.o
 .text.xTaskGetCurrentTaskHandle
                0x0000000008008880       0x20 ./Middlewares/Third_Party/FreeRTOS/Source/tasks.o
                0x0000000008008880                xTaskGetCurrentTaskHandle
 .text.xTaskGetSchedulerState
                0x00000000080088a0       0x3c ./Middlewares/Third_Party/FreeRTOS/Source/tasks.o
                0x00000000080088a0                xTaskGetSchedulerState
 .text.xTaskPriorityInherit
                0x00000000080088dc       0xd0 ./Middlewares/Third_Party/FreeRTOS/Source/tasks.o
                0x00000000080088dc                xTaskPriorityInherit
 .text.xTaskPriorityDisinherit
                0x00000000080089ac       0xdc ./Middlewares/Third_Party/FreeRTOS/Source/tasks.o
                0x00000000080089ac                xTaskPriorityDisinherit
 .text.vTaskPriorityDisinheritAfterTimeout
                0x0000000008008a88      0x104 ./Middlewares/Third_Party/FreeRTOS/Source/tasks.o
                0x0000000008008a88                vTaskPriorityDisinheritAfterTimeout
 .text.pvTaskIncrementMutexHeldCount
                0x0000000008008b8c       0x28 ./Middlewares/Third_Party/FreeRTOS/Source/tasks.o
                0x0000000008008b8c                pvTaskIncrementMutexHeldCount
 .text.prvAddCurrentTaskToDelayedList
                0x0000000008008bb4       0xa8 ./Middlewares/Third_Party/FreeRTOS/Source/tasks.o
 .text.xTimerCreateTimerTask
                0x0000000008008c5c       0x90 ./Middlewares/Third_Party/FreeRTOS/Source/timers.o
                0x0000000008008c5c                xTimerCreateTimerTask
 .text.xTimerGenericCommand
                0x0000000008008cec       0x9c ./Middlewares/Third_Party/FreeRTOS/Source/timers.o
                0x0000000008008cec                xTimerGenericCommand
 .text.prvProcessExpiredTimer
                0x0000000008008d88       0x98 ./Middlewares/Third_Party/FreeRTOS/Source/timers.o
 .text.prvTimerTask
                0x0000000008008e20       0x24 ./Middlewares/Third_Party/FreeRTOS/Source/timers.o
 .text.prvProcessTimerOrBlockTask
                0x0000000008008e44       0x9c ./Middlewares/Third_Party/FreeRTOS/Source/timers.o
 .text.prvGetNextExpireTime
                0x0000000008008ee0       0x48 ./Middlewares/Third_Party/FreeRTOS/Source/timers.o
 .text.prvSampleTimeNow
                0x0000000008008f28       0x40 ./Middlewares/Third_Party/FreeRTOS/Source/timers.o
 .text.prvInsertTimerInActiveList
                0x0000000008008f68       0x84 ./Middlewares/Third_Party/FreeRTOS/Source/timers.o
 .text.prvProcessReceivedCommands
                0x0000000008008fec      0x1c4 ./Middlewares/Third_Party/FreeRTOS/Source/timers.o
 .text.prvSwitchTimerLists
                0x00000000080091b0       0xc8 ./Middlewares/Third_Party/FreeRTOS/Source/timers.o
 .text.prvCheckForValidListAndQueue
                0x0000000008009278       0x80 ./Middlewares/Third_Party/FreeRTOS/Source/timers.o
 .text.pxPortInitialiseStack
                0x00000000080092f8       0x68 ./Middlewares/Third_Party/FreeRTOS/Source/portable/GCC/ARM_CM4F/port.o
                0x00000000080092f8                pxPortInitialiseStack
 .text.prvTaskExitError
                0x0000000008009360       0x58 ./Middlewares/Third_Party/FreeRTOS/Source/portable/GCC/ARM_CM4F/port.o
 *fill*         0x00000000080093b8        0x8 
 .text.SVC_Handler
                0x00000000080093c0       0x28 ./Middlewares/Third_Party/FreeRTOS/Source/portable/GCC/ARM_CM4F/port.o
                0x00000000080093c0                SVC_Handler
 .text.prvPortStartFirstTask
                0x00000000080093e8       0x28 ./Middlewares/Third_Party/FreeRTOS/Source/portable/GCC/ARM_CM4F/port.o
 .text.xPortStartScheduler
                0x0000000008009410      0x144 ./Middlewares/Third_Party/FreeRTOS/Source/portable/GCC/ARM_CM4F/port.o
                0x0000000008009410                xPortStartScheduler
 .text.vPortEnterCritical
                0x0000000008009554       0x60 ./Middlewares/Third_Party/FreeRTOS/Source/portable/GCC/ARM_CM4F/port.o
                0x0000000008009554                vPortEnterCritical
 .text.vPortExitCritical
                0x00000000080095b4       0x54 ./Middlewares/Third_Party/FreeRTOS/Source/portable/GCC/ARM_CM4F/port.o
                0x00000000080095b4                vPortExitCritical
 *fill*         0x0000000008009608        0x8 
 .text.PendSV_Handler
                0x0000000008009610       0x68 ./Middlewares/Third_Party/FreeRTOS/Source/portable/GCC/ARM_CM4F/port.o
                0x0000000008009610                PendSV_Handler
 .text.xPortSysTickHandler
                0x0000000008009678       0x44 ./Middlewares/Third_Party/FreeRTOS/Source/portable/GCC/ARM_CM4F/port.o
                0x0000000008009678                xPortSysTickHandler
 .text.vPortSetupTimerInterrupt
                0x00000000080096bc       0x48 ./Middlewares/Third_Party/FreeRTOS/Source/portable/GCC/ARM_CM4F/port.o
                0x00000000080096bc                vPortSetupTimerInterrupt
 .text.vPortEnableVFP
                0x0000000008009704       0x14 ./Middlewares/Third_Party/FreeRTOS/Source/portable/GCC/ARM_CM4F/port.o
 .text.vPortValidateInterruptPriority
                0x0000000008009718       0x80 ./Middlewares/Third_Party/FreeRTOS/Source/portable/GCC/ARM_CM4F/port.o
                0x0000000008009718                vPortValidateInterruptPriority
 .text.pvPortMalloc
                0x0000000008009798      0x198 ./Middlewares/Third_Party/FreeRTOS/Source/portable/MemMang/heap_4.o
                0x0000000008009798                pvPortMalloc
 .text.vPortFree
                0x0000000008009930       0xc4 ./Middlewares/Third_Party/FreeRTOS/Source/portable/MemMang/heap_4.o
                0x0000000008009930                vPortFree
 .text.prvHeapInit
                0x00000000080099f4       0xc4 ./Middlewares/Third_Party/FreeRTOS/Source/portable/MemMang/heap_4.o
 .text.prvInsertBlockIntoFreeList
                0x0000000008009ab8       0xb4 ./Middlewares/Third_Party/FreeRTOS/Source/portable/MemMang/heap_4.o
 .text.__errno  0x0000000008009b6c        0xc c:/st/stm32cubeide_1.12.0/stm32cubeide/plugins/com.st.stm32cube.ide.mcu.externaltools.gnu-tools-for-stm32.10.3-2021.10.win32_1.0.200.202301161003/tools/bin/../lib/gcc/arm-none-eabi/10.3.1/../../../../arm-none-eabi/lib/thumb/v7e-m+fp/hard\libc_nano.a(lib_a-errno.o)
                0x0000000008009b6c                __errno
 .text.std      0x0000000008009b78       0x48 c:/st/stm32cubeide_1.12.0/stm32cubeide/plugins/com.st.stm32cube.ide.mcu.externaltools.gnu-tools-for-stm32.10.3-2021.10.win32_1.0.200.202301161003/tools/bin/../lib/gcc/arm-none-eabi/10.3.1/../../../../arm-none-eabi/lib/thumb/v7e-m+fp/hard\libc_nano.a(lib_a-findfp.o)
 .text._cleanup_r
                0x0000000008009bc0        0xc c:/st/stm32cubeide_1.12.0/stm32cubeide/plugins/com.st.stm32cube.ide.mcu.externaltools.gnu-tools-for-stm32.10.3-2021.10.win32_1.0.200.202301161003/tools/bin/../lib/gcc/arm-none-eabi/10.3.1/../../../../arm-none-eabi/lib/thumb/v7e-m+fp/hard\libc_nano.a(lib_a-findfp.o)
                0x0000000008009bc0                _cleanup_r
 .text.__sfmoreglue
                0x0000000008009bcc       0x2c c:/st/stm32cubeide_1.12.0/stm32cubeide/plugins/com.st.stm32cube.ide.mcu.externaltools.gnu-tools-for-stm32.10.3-2021.10.win32_1.0.200.202301161003/tools/bin/../lib/gcc/arm-none-eabi/10.3.1/../../../../arm-none-eabi/lib/thumb/v7e-m+fp/hard\libc_nano.a(lib_a-findfp.o)
                0x0000000008009bcc                __sfmoreglue
 .text.__sfp_lock_acquire
                0x0000000008009bf8        0xc c:/st/stm32cubeide_1.12.0/stm32cubeide/plugins/com.st.stm32cube.ide.mcu.externaltools.gnu-tools-for-stm32.10.3-2021.10.win32_1.0.200.202301161003/tools/bin/../lib/gcc/arm-none-eabi/10.3.1/../../../../arm-none-eabi/lib/thumb/v7e-m+fp/hard\libc_nano.a(lib_a-findfp.o)
                0x0000000008009bf8                __sfp_lock_acquire
 .text.__sfp_lock_release
                0x0000000008009c04        0xc c:/st/stm32cubeide_1.12.0/stm32cubeide/plugins/com.st.stm32cube.ide.mcu.externaltools.gnu-tools-for-stm32.10.3-2021.10.win32_1.0.200.202301161003/tools/bin/../lib/gcc/arm-none-eabi/10.3.1/../../../../arm-none-eabi/lib/thumb/v7e-m+fp/hard\libc_nano.a(lib_a-findfp.o)
                0x0000000008009c04                __sfp_lock_release
 .text.__sinit_lock_acquire
                0x0000000008009c10        0xc c:/st/stm32cubeide_1.12.0/stm32cubeide/plugins/com.st.stm32cube.ide.mcu.externaltools.gnu-tools-for-stm32.10.3-2021.10.win32_1.0.200.202301161003/tools/bin/../lib/gcc/arm-none-eabi/10.3.1/../../../../arm-none-eabi/lib/thumb/v7e-m+fp/hard\libc_nano.a(lib_a-findfp.o)
                0x0000000008009c10                __sinit_lock_acquire
 .text.__sinit_lock_release
                0x0000000008009c1c        0xc c:/st/stm32cubeide_1.12.0/stm32cubeide/plugins/com.st.stm32cube.ide.mcu.externaltools.gnu-tools-for-stm32.10.3-2021.10.win32_1.0.200.202301161003/tools/bin/../lib/gcc/arm-none-eabi/10.3.1/../../../../arm-none-eabi/lib/thumb/v7e-m+fp/hard\libc_nano.a(lib_a-findfp.o)
                0x0000000008009c1c                __sinit_lock_release
 .text.__sinit  0x0000000008009c28       0x70 c:/st/stm32cubeide_1.12.0/stm32cubeide/plugins/com.st.stm32cube.ide.mcu.externaltools.gnu-tools-for-stm32.10.3-2021.10.win32_1.0.200.202301161003/tools/bin/../lib/gcc/arm-none-eabi/10.3.1/../../../../arm-none-eabi/lib/thumb/v7e-m+fp/hard\libc_nano.a(lib_a-findfp.o)
                0x0000000008009c28                __sinit
 .text.__sfp    0x0000000008009c98       0x8c c:/st/stm32cubeide_1.12.0/stm32cubeide/plugins/com.st.stm32cube.ide.mcu.externaltools.gnu-tools-for-stm32.10.3-2021.10.win32_1.0.200.202301161003/tools/bin/../lib/gcc/arm-none-eabi/10.3.1/../../../../arm-none-eabi/lib/thumb/v7e-m+fp/hard\libc_nano.a(lib_a-findfp.o)
                0x0000000008009c98                __sfp
 .text._fwalk_reent
                0x0000000008009d24       0x3e c:/st/stm32cubeide_1.12.0/stm32cubeide/plugins/com.st.stm32cube.ide.mcu.externaltools.gnu-tools-for-stm32.10.3-2021.10.win32_1.0.200.202301161003/tools/bin/../lib/gcc/arm-none-eabi/10.3.1/../../../../arm-none-eabi/lib/thumb/v7e-m+fp/hard\libc_nano.a(lib_a-fwalk.o)
                0x0000000008009d24                _fwalk_reent
 *fill*         0x0000000008009d62        0x2 
 .text.__libc_init_array
                0x0000000008009d64       0x48 c:/st/stm32cubeide_1.12.0/stm32cubeide/plugins/com.st.stm32cube.ide.mcu.externaltools.gnu-tools-for-stm32.10.3-2021.10.win32_1.0.200.202301161003/tools/bin/../lib/gcc/arm-none-eabi/10.3.1/../../../../arm-none-eabi/lib/thumb/v7e-m+fp/hard\libc_nano.a(lib_a-init.o)
                0x0000000008009d64                __libc_init_array
 .text.__retarget_lock_init_recursive
                0x0000000008009dac        0x2 c:/st/stm32cubeide_1.12.0/stm32cubeide/plugins/com.st.stm32cube.ide.mcu.externaltools.gnu-tools-for-stm32.10.3-2021.10.win32_1.0.200.202301161003/tools/bin/../lib/gcc/arm-none-eabi/10.3.1/../../../../arm-none-eabi/lib/thumb/v7e-m+fp/hard\libc_nano.a(lib_a-lock.o)
                0x0000000008009dac                __retarget_lock_init_recursive
 .text.__retarget_lock_acquire_recursive
                0x0000000008009dae        0x2 c:/st/stm32cubeide_1.12.0/stm32cubeide/plugins/com.st.stm32cube.ide.mcu.externaltools.gnu-tools-for-stm32.10.3-2021.10.win32_1.0.200.202301161003/tools/bin/../lib/gcc/arm-none-eabi/10.3.1/../../../../arm-none-eabi/lib/thumb/v7e-m+fp/hard\libc_nano.a(lib_a-lock.o)
                0x0000000008009dae                __retarget_lock_acquire_recursive
 .text.__retarget_lock_release_recursive
                0x0000000008009db0        0x2 c:/st/stm32cubeide_1.12.0/stm32cubeide/plugins/com.st.stm32cube.ide.mcu.externaltools.gnu-tools-for-stm32.10.3-2021.10.win32_1.0.200.202301161003/tools/bin/../lib/gcc/arm-none-eabi/10.3.1/../../../../arm-none-eabi/lib/thumb/v7e-m+fp/hard\libc_nano.a(lib_a-lock.o)
                0x0000000008009db0                __retarget_lock_release_recursive
 .text.memcpy   0x0000000008009db2       0x1c c:/st/stm32cubeide_1.12.0/stm32cubeide/plugins/com.st.stm32cube.ide.mcu.externaltools.gnu-tools-for-stm32.10.3-2021.10.win32_1.0.200.202301161003/tools/bin/../lib/gcc/arm-none-eabi/10.3.1/../../../../arm-none-eabi/lib/thumb/v7e-m+fp/hard\libc_nano.a(lib_a-memcpy-stub.o)
                0x0000000008009db2                memcpy
 .text.memset   0x0000000008009dce       0x10 c:/st/stm32cubeide_1.12.0/stm32cubeide/plugins/com.st.stm32cube.ide.mcu.externaltools.gnu-tools-for-stm32.10.3-2021.10.win32_1.0.200.202301161003/tools/bin/../lib/gcc/arm-none-eabi/10.3.1/../../../../arm-none-eabi/lib/thumb/v7e-m+fp/hard\libc_nano.a(lib_a-memset.o)
                0x0000000008009dce                memset
 *fill*         0x0000000008009dde        0x2 
 .text.sbrk_aligned
                0x0000000008009de0       0x40 c:/st/stm32cubeide_1.12.0/stm32cubeide/plugins/com.st.stm32cube.ide.mcu.externaltools.gnu-tools-for-stm32.10.3-2021.10.win32_1.0.200.202301161003/tools/bin/../lib/gcc/arm-none-eabi/10.3.1/../../../../arm-none-eabi/lib/thumb/v7e-m+fp/hard\libc_nano.a(lib_a-nano-mallocr.o)
 .text._malloc_r
                0x0000000008009e20       0xe8 c:/st/stm32cubeide_1.12.0/stm32cubeide/plugins/com.st.stm32cube.ide.mcu.externaltools.gnu-tools-for-stm32.10.3-2021.10.win32_1.0.200.202301161003/tools/bin/../lib/gcc/arm-none-eabi/10.3.1/../../../../arm-none-eabi/lib/thumb/v7e-m+fp/hard\libc_nano.a(lib_a-nano-mallocr.o)
                0x0000000008009e20                _malloc_r
 .text._puts_r  0x0000000008009f08       0xdc c:/st/stm32cubeide_1.12.0/stm32cubeide/plugins/com.st.stm32cube.ide.mcu.externaltools.gnu-tools-for-stm32.10.3-2021.10.win32_1.0.200.202301161003/tools/bin/../lib/gcc/arm-none-eabi/10.3.1/../../../../arm-none-eabi/lib/thumb/v7e-m+fp/hard\libc_nano.a(lib_a-puts.o)
                0x0000000008009f08                _puts_r
 .text.puts     0x0000000008009fe4       0x10 c:/st/stm32cubeide_1.12.0/stm32cubeide/plugins/com.st.stm32cube.ide.mcu.externaltools.gnu-tools-for-stm32.10.3-2021.10.win32_1.0.200.202301161003/tools/bin/../lib/gcc/arm-none-eabi/10.3.1/../../../../arm-none-eabi/lib/thumb/v7e-m+fp/hard\libc_nano.a(lib_a-puts.o)
                0x0000000008009fe4                puts
 .text.cleanup_glue
                0x0000000008009ff4       0x1a c:/st/stm32cubeide_1.12.0/stm32cubeide/plugins/com.st.stm32cube.ide.mcu.externaltools.gnu-tools-for-stm32.10.3-2021.10.win32_1.0.200.202301161003/tools/bin/../lib/gcc/arm-none-eabi/10.3.1/../../../../arm-none-eabi/lib/thumb/v7e-m+fp/hard\libc_nano.a(lib_a-reent.o)
                0x0000000008009ff4                cleanup_glue
 *fill*         0x000000000800a00e        0x2 
 .text._reclaim_reent
                0x000000000800a010       0xb8 c:/st/stm32cubeide_1.12.0/stm32cubeide/plugins/com.st.stm32cube.ide.mcu.externaltools.gnu-tools-for-stm32.10.3-2021.10.win32_1.0.200.202301161003/tools/bin/../lib/gcc/arm-none-eabi/10.3.1/../../../../arm-none-eabi/lib/thumb/v7e-m+fp/hard\libc_nano.a(lib_a-reent.o)
                0x000000000800a010                _reclaim_reent
 .text._sbrk_r  0x000000000800a0c8       0x20 c:/st/stm32cubeide_1.12.0/stm32cubeide/plugins/com.st.stm32cube.ide.mcu.externaltools.gnu-tools-for-stm32.10.3-2021.10.win32_1.0.200.202301161003/tools/bin/../lib/gcc/arm-none-eabi/10.3.1/../../../../arm-none-eabi/lib/thumb/v7e-m+fp/hard\libc_nano.a(lib_a-sbrkr.o)
                0x000000000800a0c8                _sbrk_r
 .text.__sread  0x000000000800a0e8       0x22 c:/st/stm32cubeide_1.12.0/stm32cubeide/plugins/com.st.stm32cube.ide.mcu.externaltools.gnu-tools-for-stm32.10.3-2021.10.win32_1.0.200.202301161003/tools/bin/../lib/gcc/arm-none-eabi/10.3.1/../../../../arm-none-eabi/lib/thumb/v7e-m+fp/hard\libc_nano.a(lib_a-stdio.o)
                0x000000000800a0e8                __sread
 .text.__swrite
                0x000000000800a10a       0x38 c:/st/stm32cubeide_1.12.0/stm32cubeide/plugins/com.st.stm32cube.ide.mcu.externaltools.gnu-tools-for-stm32.10.3-2021.10.win32_1.0.200.202301161003/tools/bin/../lib/gcc/arm-none-eabi/10.3.1/../../../../arm-none-eabi/lib/thumb/v7e-m+fp/hard\libc_nano.a(lib_a-stdio.o)
                0x000000000800a10a                __swrite
 .text.__sseek  0x000000000800a142       0x24 c:/st/stm32cubeide_1.12.0/stm32cubeide/plugins/com.st.stm32cube.ide.mcu.externaltools.gnu-tools-for-stm32.10.3-2021.10.win32_1.0.200.202301161003/tools/bin/../lib/gcc/arm-none-eabi/10.3.1/../../../../arm-none-eabi/lib/thumb/v7e-m+fp/hard\libc_nano.a(lib_a-stdio.o)
                0x000000000800a142                __sseek
 .text.__sclose
                0x000000000800a166        0x8 c:/st/stm32cubeide_1.12.0/stm32cubeide/plugins/com.st.stm32cube.ide.mcu.externaltools.gnu-tools-for-stm32.10.3-2021.10.win32_1.0.200.202301161003/tools/bin/../lib/gcc/arm-none-eabi/10.3.1/../../../../arm-none-eabi/lib/thumb/v7e-m+fp/hard\libc_nano.a(lib_a-stdio.o)
                0x000000000800a166                __sclose
 *fill*         0x000000000800a16e        0x2 
 .text.__swbuf_r
                0x000000000800a170       0xa4 c:/st/stm32cubeide_1.12.0/stm32cubeide/plugins/com.st.stm32cube.ide.mcu.externaltools.gnu-tools-for-stm32.10.3-2021.10.win32_1.0.200.202301161003/tools/bin/../lib/gcc/arm-none-eabi/10.3.1/../../../../arm-none-eabi/lib/thumb/v7e-m+fp/hard\libc_nano.a(lib_a-wbuf.o)
                0x000000000800a170                __swbuf_r
 .text._write_r
                0x000000000800a214       0x24 c:/st/stm32cubeide_1.12.0/stm32cubeide/plugins/com.st.stm32cube.ide.mcu.externaltools.gnu-tools-for-stm32.10.3-2021.10.win32_1.0.200.202301161003/tools/bin/../lib/gcc/arm-none-eabi/10.3.1/../../../../arm-none-eabi/lib/thumb/v7e-m+fp/hard\libc_nano.a(lib_a-writer.o)
                0x000000000800a214                _write_r
 .text.__swsetup_r
                0x000000000800a238       0xdc c:/st/stm32cubeide_1.12.0/stm32cubeide/plugins/com.st.stm32cube.ide.mcu.externaltools.gnu-tools-for-stm32.10.3-2021.10.win32_1.0.200.202301161003/tools/bin/../lib/gcc/arm-none-eabi/10.3.1/../../../../arm-none-eabi/lib/thumb/v7e-m+fp/hard\libc_nano.a(lib_a-wsetup.o)
                0x000000000800a238                __swsetup_r
 .text._close_r
                0x000000000800a314       0x20 c:/st/stm32cubeide_1.12.0/stm32cubeide/plugins/com.st.stm32cube.ide.mcu.externaltools.gnu-tools-for-stm32.10.3-2021.10.win32_1.0.200.202301161003/tools/bin/../lib/gcc/arm-none-eabi/10.3.1/../../../../arm-none-eabi/lib/thumb/v7e-m+fp/hard\libc_nano.a(lib_a-closer.o)
                0x000000000800a314                _close_r
 .text.__sflush_r
                0x000000000800a334      0x10c c:/st/stm32cubeide_1.12.0/stm32cubeide/plugins/com.st.stm32cube.ide.mcu.externaltools.gnu-tools-for-stm32.10.3-2021.10.win32_1.0.200.202301161003/tools/bin/../lib/gcc/arm-none-eabi/10.3.1/../../../../arm-none-eabi/lib/thumb/v7e-m+fp/hard\libc_nano.a(lib_a-fflush.o)
                0x000000000800a334                __sflush_r
 .text._fflush_r
                0x000000000800a440       0x78 c:/st/stm32cubeide_1.12.0/stm32cubeide/plugins/com.st.stm32cube.ide.mcu.externaltools.gnu-tools-for-stm32.10.3-2021.10.win32_1.0.200.202301161003/tools/bin/../lib/gcc/arm-none-eabi/10.3.1/../../../../arm-none-eabi/lib/thumb/v7e-m+fp/hard\libc_nano.a(lib_a-fflush.o)
                0x000000000800a440                _fflush_r
 .text._lseek_r
                0x000000000800a4b8       0x24 c:/st/stm32cubeide_1.12.0/stm32cubeide/plugins/com.st.stm32cube.ide.mcu.externaltools.gnu-tools-for-stm32.10.3-2021.10.win32_1.0.200.202301161003/tools/bin/../lib/gcc/arm-none-eabi/10.3.1/../../../../arm-none-eabi/lib/thumb/v7e-m+fp/hard\libc_nano.a(lib_a-lseekr.o)
                0x000000000800a4b8                _lseek_r
 .text.__swhatbuf_r
                0x000000000800a4dc       0x4a c:/st/stm32cubeide_1.12.0/stm32cubeide/plugins/com.st.stm32cube.ide.mcu.externaltools.gnu-tools-for-stm32.10.3-2021.10.win32_1.0.200.202301161003/tools/bin/../lib/gcc/arm-none-eabi/10.3.1/../../../../arm-none-eabi/lib/thumb/v7e-m+fp/hard\libc_nano.a(lib_a-makebuf.o)
                0x000000000800a4dc                __swhatbuf_r
 *fill*         0x000000000800a526        0x2 
 .text.__smakebuf_r
                0x000000000800a528       0x80 c:/st/stm32cubeide_1.12.0/stm32cubeide/plugins/com.st.stm32cube.ide.mcu.externaltools.gnu-tools-for-stm32.10.3-2021.10.win32_1.0.200.202301161003/tools/bin/../lib/gcc/arm-none-eabi/10.3.1/../../../../arm-none-eabi/lib/thumb/v7e-m+fp/hard\libc_nano.a(lib_a-makebuf.o)
                0x000000000800a528                __smakebuf_r
 .text.__malloc_lock
                0x000000000800a5a8        0xc c:/st/stm32cubeide_1.12.0/stm32cubeide/plugins/com.st.stm32cube.ide.mcu.externaltools.gnu-tools-for-stm32.10.3-2021.10.win32_1.0.200.202301161003/tools/bin/../lib/gcc/arm-none-eabi/10.3.1/../../../../arm-none-eabi/lib/thumb/v7e-m+fp/hard\libc_nano.a(lib_a-mlock.o)
                0x000000000800a5a8                __malloc_lock
 .text.__malloc_unlock
                0x000000000800a5b4        0xc c:/st/stm32cubeide_1.12.0/stm32cubeide/plugins/com.st.stm32cube.ide.mcu.externaltools.gnu-tools-for-stm32.10.3-2021.10.win32_1.0.200.202301161003/tools/bin/../lib/gcc/arm-none-eabi/10.3.1/../../../../arm-none-eabi/lib/thumb/v7e-m+fp/hard\libc_nano.a(lib_a-mlock.o)
                0x000000000800a5b4                __malloc_unlock
 .text._free_r  0x000000000800a5c0       0x98 c:/st/stm32cubeide_1.12.0/stm32cubeide/plugins/com.st.stm32cube.ide.mcu.externaltools.gnu-tools-for-stm32.10.3-2021.10.win32_1.0.200.202301161003/tools/bin/../lib/gcc/arm-none-eabi/10.3.1/../../../../arm-none-eabi/lib/thumb/v7e-m+fp/hard\libc_nano.a(lib_a-nano-freer.o)
                0x000000000800a5c0                _free_r
 .text._read_r  0x000000000800a658       0x24 c:/st/stm32cubeide_1.12.0/stm32cubeide/plugins/com.st.stm32cube.ide.mcu.externaltools.gnu-tools-for-stm32.10.3-2021.10.win32_1.0.200.202301161003/tools/bin/../lib/gcc/arm-none-eabi/10.3.1/../../../../arm-none-eabi/lib/thumb/v7e-m+fp/hard\libc_nano.a(lib_a-readr.o)
                0x000000000800a658                _read_r
 .text._fstat_r
                0x000000000800a67c       0x24 c:/st/stm32cubeide_1.12.0/stm32cubeide/plugins/com.st.stm32cube.ide.mcu.externaltools.gnu-tools-for-stm32.10.3-2021.10.win32_1.0.200.202301161003/tools/bin/../lib/gcc/arm-none-eabi/10.3.1/../../../../arm-none-eabi/lib/thumb/v7e-m+fp/hard\libc_nano.a(lib_a-fstatr.o)
                0x000000000800a67c                _fstat_r
 .text._isatty_r
                0x000000000800a6a0       0x20 c:/st/stm32cubeide_1.12.0/stm32cubeide/plugins/com.st.stm32cube.ide.mcu.externaltools.gnu-tools-for-stm32.10.3-2021.10.win32_1.0.200.202301161003/tools/bin/../lib/gcc/arm-none-eabi/10.3.1/../../../../arm-none-eabi/lib/thumb/v7e-m+fp/hard\libc_nano.a(lib_a-isattyr.o)
                0x000000000800a6a0                _isatty_r
 *(.glue_7)
 .glue_7        0x000000000800a6c0        0x0 linker stubs
 *(.glue_7t)
 .glue_7t       0x000000000800a6c0        0x0 linker stubs
 *(.eh_frame)
 .eh_frame      0x000000000800a6c0        0x0 c:/st/stm32cubeide_1.12.0/stm32cubeide/plugins/com.st.stm32cube.ide.mcu.externaltools.gnu-tools-for-stm32.10.3-2021.10.win32_1.0.200.202301161003/tools/bin/../lib/gcc/arm-none-eabi/10.3.1/thumb/v7e-m+fp/hard/crtbegin.o
 *(.init)
 .init          0x000000000800a6c0        0x4 c:/st/stm32cubeide_1.12.0/stm32cubeide/plugins/com.st.stm32cube.ide.mcu.externaltools.gnu-tools-for-stm32.10.3-2021.10.win32_1.0.200.202301161003/tools/bin/../lib/gcc/arm-none-eabi/10.3.1/thumb/v7e-m+fp/hard/crti.o
                0x000000000800a6c0                _init
 .init          0x000000000800a6c4        0x8 c:/st/stm32cubeide_1.12.0/stm32cubeide/plugins/com.st.stm32cube.ide.mcu.externaltools.gnu-tools-for-stm32.10.3-2021.10.win32_1.0.200.202301161003/tools/bin/../lib/gcc/arm-none-eabi/10.3.1/thumb/v7e-m+fp/hard/crtn.o
 *(.fini)
 .fini          0x000000000800a6cc        0x4 c:/st/stm32cubeide_1.12.0/stm32cubeide/plugins/com.st.stm32cube.ide.mcu.externaltools.gnu-tools-for-stm32.10.3-2021.10.win32_1.0.200.202301161003/tools/bin/../lib/gcc/arm-none-eabi/10.3.1/thumb/v7e-m+fp/hard/crti.o
                0x000000000800a6cc                _fini
 .fini          0x000000000800a6d0        0x8 c:/st/stm32cubeide_1.12.0/stm32cubeide/plugins/com.st.stm32cube.ide.mcu.externaltools.gnu-tools-for-stm32.10.3-2021.10.win32_1.0.200.202301161003/tools/bin/../lib/gcc/arm-none-eabi/10.3.1/thumb/v7e-m+fp/hard/crtn.o
                0x000000000800a6d8                . = ALIGN (0x4)
                0x000000000800a6d8                _etext = .

.vfp11_veneer   0x000000000800a6d8        0x0
 .vfp11_veneer  0x000000000800a6d8        0x0 linker stubs

.v4_bx          0x000000000800a6d8        0x0
 .v4_bx         0x000000000800a6d8        0x0 linker stubs

.iplt           0x000000000800a6d8        0x0
 .iplt          0x000000000800a6d8        0x0 c:/st/stm32cubeide_1.12.0/stm32cubeide/plugins/com.st.stm32cube.ide.mcu.externaltools.gnu-tools-for-stm32.10.3-2021.10.win32_1.0.200.202301161003/tools/bin/../lib/gcc/arm-none-eabi/10.3.1/thumb/v7e-m+fp/hard/crtbegin.o

.rodata         0x000000000800a6d8      0x20c
                0x000000000800a6d8                . = ALIGN (0x4)
 *(.rodata)
 .rodata        0x000000000800a6d8       0x72 ./Core/Src/dcmotor.o
 *fill*         0x000000000800a74a        0x2 
 .rodata        0x000000000800a74c       0x63 ./Core/Src/main.o
 *fill*         0x000000000800a7af        0x1 
 .rodata        0x000000000800a7b0        0x5 ./Middlewares/Third_Party/FreeRTOS/Source/tasks.o
 *fill*         0x000000000800a7b5        0x3 
 .rodata        0x000000000800a7b8        0xd ./Middlewares/Third_Party/FreeRTOS/Source/timers.o
 *(.rodata*)
 *fill*         0x000000000800a7c5        0x3 
 .rodata.defaultTask_attributes
                0x000000000800a7c8       0x24 ./Core/Src/main.o
                0x000000000800a7c8                defaultTask_attributes
 .rodata.AutoModeTask_attributes
                0x000000000800a7ec       0x24 ./Core/Src/main.o
                0x000000000800a7ec                AutoModeTask_attributes
 .rodata.ManualModeTask_attributes
                0x000000000800a810       0x24 ./Core/Src/main.o
                0x000000000800a810                ManualModeTask_attributes
 .rodata.MonitorTask_attributes
                0x000000000800a834       0x24 ./Core/Src/main.o
                0x000000000800a834                MonitorTask_attributes
 .rodata.myMutex01_attributes
                0x000000000800a858       0x10 ./Core/Src/main.o
                0x000000000800a858                myMutex01_attributes
 .rodata.AHBPrescTable
                0x000000000800a868       0x10 ./Core/Src/system_stm32f4xx.o
                0x000000000800a868                AHBPrescTable
 .rodata.APBPrescTable
                0x000000000800a878        0x8 ./Core/Src/system_stm32f4xx.o
                0x000000000800a878                APBPrescTable
 .rodata.__sf_fake_stderr
                0x000000000800a880       0x20 c:/st/stm32cubeide_1.12.0/stm32cubeide/plugins/com.st.stm32cube.ide.mcu.externaltools.gnu-tools-for-stm32.10.3-2021.10.win32_1.0.200.202301161003/tools/bin/../lib/gcc/arm-none-eabi/10.3.1/../../../../arm-none-eabi/lib/thumb/v7e-m+fp/hard\libc_nano.a(lib_a-findfp.o)
                0x000000000800a880                __sf_fake_stderr
 .rodata.__sf_fake_stdin
                0x000000000800a8a0       0x20 c:/st/stm32cubeide_1.12.0/stm32cubeide/plugins/com.st.stm32cube.ide.mcu.externaltools.gnu-tools-for-stm32.10.3-2021.10.win32_1.0.200.202301161003/tools/bin/../lib/gcc/arm-none-eabi/10.3.1/../../../../arm-none-eabi/lib/thumb/v7e-m+fp/hard\libc_nano.a(lib_a-findfp.o)
                0x000000000800a8a0                __sf_fake_stdin
 .rodata.__sf_fake_stdout
                0x000000000800a8c0       0x20 c:/st/stm32cubeide_1.12.0/stm32cubeide/plugins/com.st.stm32cube.ide.mcu.externaltools.gnu-tools-for-stm32.10.3-2021.10.win32_1.0.200.202301161003/tools/bin/../lib/gcc/arm-none-eabi/10.3.1/../../../../arm-none-eabi/lib/thumb/v7e-m+fp/hard\libc_nano.a(lib_a-findfp.o)
                0x000000000800a8c0                __sf_fake_stdout
 .rodata._global_impure_ptr
                0x000000000800a8e0        0x4 c:/st/stm32cubeide_1.12.0/stm32cubeide/plugins/com.st.stm32cube.ide.mcu.externaltools.gnu-tools-for-stm32.10.3-2021.10.win32_1.0.200.202301161003/tools/bin/../lib/gcc/arm-none-eabi/10.3.1/../../../../arm-none-eabi/lib/thumb/v7e-m+fp/hard\libc_nano.a(lib_a-impure.o)
                0x000000000800a8e0                _global_impure_ptr
                0x000000000800a8e4                . = ALIGN (0x4)

.ARM.extab      0x000000000800a8e4        0x0
                0x000000000800a8e4                . = ALIGN (0x4)
 *(.ARM.extab* .gnu.linkonce.armextab.*)
                0x000000000800a8e4                . = ALIGN (0x4)

.ARM            0x000000000800a8e4        0x8
                0x000000000800a8e4                . = ALIGN (0x4)
                0x000000000800a8e4                __exidx_start = .
 *(.ARM.exidx*)
 .ARM.exidx     0x000000000800a8e4        0x8 c:/st/stm32cubeide_1.12.0/stm32cubeide/plugins/com.st.stm32cube.ide.mcu.externaltools.gnu-tools-for-stm32.10.3-2021.10.win32_1.0.200.202301161003/tools/bin/../lib/gcc/arm-none-eabi/10.3.1/thumb/v7e-m+fp/hard\libgcc.a(_udivmoddi4.o)
                0x000000000800a8ec                __exidx_end = .
                0x000000000800a8ec                . = ALIGN (0x4)

.rel.dyn        0x000000000800a8ec        0x0
 .rel.iplt      0x000000000800a8ec        0x0 c:/st/stm32cubeide_1.12.0/stm32cubeide/plugins/com.st.stm32cube.ide.mcu.externaltools.gnu-tools-for-stm32.10.3-2021.10.win32_1.0.200.202301161003/tools/bin/../lib/gcc/arm-none-eabi/10.3.1/thumb/v7e-m+fp/hard/crtbegin.o

.preinit_array  0x000000000800a8ec        0x0
                0x000000000800a8ec                . = ALIGN (0x4)
                0x000000000800a8ec                PROVIDE (__preinit_array_start = .)
 *(.preinit_array*)
                0x000000000800a8ec                PROVIDE (__preinit_array_end = .)
                0x000000000800a8ec                . = ALIGN (0x4)

.init_array     0x000000000800a8ec        0x4
                0x000000000800a8ec                . = ALIGN (0x4)
                0x000000000800a8ec                PROVIDE (__init_array_start = .)
 *(SORT_BY_NAME(.init_array.*))
 *(.init_array*)
 .init_array    0x000000000800a8ec        0x4 c:/st/stm32cubeide_1.12.0/stm32cubeide/plugins/com.st.stm32cube.ide.mcu.externaltools.gnu-tools-for-stm32.10.3-2021.10.win32_1.0.200.202301161003/tools/bin/../lib/gcc/arm-none-eabi/10.3.1/thumb/v7e-m+fp/hard/crtbegin.o
                0x000000000800a8f0                PROVIDE (__init_array_end = .)
                0x000000000800a8f0                . = ALIGN (0x4)

.fini_array     0x000000000800a8f0        0x4
                0x000000000800a8f0                . = ALIGN (0x4)
                [!provide]                        PROVIDE (__fini_array_start = .)
 *(SORT_BY_NAME(.fini_array.*))
 *(.fini_array*)
 .fini_array    0x000000000800a8f0        0x4 c:/st/stm32cubeide_1.12.0/stm32cubeide/plugins/com.st.stm32cube.ide.mcu.externaltools.gnu-tools-for-stm32.10.3-2021.10.win32_1.0.200.202301161003/tools/bin/../lib/gcc/arm-none-eabi/10.3.1/thumb/v7e-m+fp/hard/crtbegin.o
                [!provide]                        PROVIDE (__fini_array_end = .)
                0x000000000800a8f4                . = ALIGN (0x4)
                0x000000000800a8f4                _sidata = LOADADDR (.data)

.data           0x0000000020000000       0x7c load address 0x000000000800a8f4
                0x0000000020000000                . = ALIGN (0x4)
                0x0000000020000000                _sdata = .
 *(.data)
 *(.data*)
 .data.previous_button_status
                0x0000000020000000        0x4 ./Core/Src/button.o
                0x0000000020000000                previous_button_status
 .data.ext_int_no
                0x0000000020000004        0x4 ./Core/Src/main.o
                0x0000000020000004                ext_int_no
 .data.SystemCoreClock
                0x0000000020000008        0x4 ./Core/Src/system_stm32f4xx.o
                0x0000000020000008                SystemCoreClock
 .data.uwTickPrio
                0x000000002000000c        0x4 ./Drivers/STM32F4xx_HAL_Driver/Src/stm32f4xx_hal.o
                0x000000002000000c                uwTickPrio
 .data.uwTickFreq
                0x0000000020000010        0x1 ./Drivers/STM32F4xx_HAL_Driver/Src/stm32f4xx_hal.o
                0x0000000020000010                uwTickFreq
 *fill*         0x0000000020000011        0x3 
 .data.uxCriticalNesting
                0x0000000020000014        0x4 ./Middlewares/Third_Party/FreeRTOS/Source/portable/GCC/ARM_CM4F/port.o
 .data._impure_ptr
                0x0000000020000018        0x4 c:/st/stm32cubeide_1.12.0/stm32cubeide/plugins/com.st.stm32cube.ide.mcu.externaltools.gnu-tools-for-stm32.10.3-2021.10.win32_1.0.200.202301161003/tools/bin/../lib/gcc/arm-none-eabi/10.3.1/../../../../arm-none-eabi/lib/thumb/v7e-m+fp/hard\libc_nano.a(lib_a-impure.o)
                0x0000000020000018                _impure_ptr
 .data.impure_data
                0x000000002000001c       0x60 c:/st/stm32cubeide_1.12.0/stm32cubeide/plugins/com.st.stm32cube.ide.mcu.externaltools.gnu-tools-for-stm32.10.3-2021.10.win32_1.0.200.202301161003/tools/bin/../lib/gcc/arm-none-eabi/10.3.1/../../../../arm-none-eabi/lib/thumb/v7e-m+fp/hard\libc_nano.a(lib_a-impure.o)
 *(.RamFunc)
 *(.RamFunc*)
                0x000000002000007c                . = ALIGN (0x4)
                0x000000002000007c                _edata = .

.igot.plt       0x000000002000007c        0x0 load address 0x000000000800a970
 .igot.plt      0x000000002000007c        0x0 c:/st/stm32cubeide_1.12.0/stm32cubeide/plugins/com.st.stm32cube.ide.mcu.externaltools.gnu-tools-for-stm32.10.3-2021.10.win32_1.0.200.202301161003/tools/bin/../lib/gcc/arm-none-eabi/10.3.1/thumb/v7e-m+fp/hard/crtbegin.o
                0x000000002000007c                . = ALIGN (0x4)

.bss            0x000000002000007c     0x52c4 load address 0x000000000800a970
                0x000000002000007c                _sbss = .
                0x000000002000007c                __bss_start__ = _sbss
 *(.bss)
 .bss           0x000000002000007c       0x1c c:/st/stm32cubeide_1.12.0/stm32cubeide/plugins/com.st.stm32cube.ide.mcu.externaltools.gnu-tools-for-stm32.10.3-2021.10.win32_1.0.200.202301161003/tools/bin/../lib/gcc/arm-none-eabi/10.3.1/thumb/v7e-m+fp/hard/crtbegin.o
 *(.bss*)
 .bss.input_pointer
                0x0000000020000098        0x4 ./Core/Src/UART0.o
                0x0000000020000098                input_pointer
 .bss.output_pointer
                0x000000002000009c        0x4 ./Core/Src/UART0.o
                0x000000002000009c                output_pointer
 .bss.rx_buff   0x00000000200000a0      0x5dc ./Core/Src/UART0.o
                0x00000000200000a0                rx_buff
 .bss.rx_data   0x000000002000067c        0x1 ./Core/Src/UART0.o
                0x000000002000067c                rx_data
 .bss.bt_data   0x000000002000067d        0x1 ./Core/Src/UART0.o
                0x000000002000067d                bt_data
 *fill*         0x000000002000067e        0x2 
 .bss.rx_index  0x0000000020000680        0x4 ./Core/Src/UART0.o
                0x0000000020000680                rx_index
 .bss.auto_mode_state
                0x0000000020000684        0x1 ./Core/Src/dcmotor.o
                0x0000000020000684                auto_mode_state
 *fill*         0x0000000020000685        0x3 
 .bss.hi2c1     0x0000000020000688       0x54 ./Core/Src/main.o
                0x0000000020000688                hi2c1
 .bss.hrtc      0x00000000200006dc       0x20 ./Core/Src/main.o
                0x00000000200006dc                hrtc
 .bss.htim1     0x00000000200006fc       0x48 ./Core/Src/main.o
                0x00000000200006fc                htim1
 .bss.htim2     0x0000000020000744       0x48 ./Core/Src/main.o
                0x0000000020000744                htim2
 .bss.htim3     0x000000002000078c       0x48 ./Core/Src/main.o
                0x000000002000078c                htim3
 .bss.htim11    0x00000000200007d4       0x48 ./Core/Src/main.o
                0x00000000200007d4                htim11
 .bss.huart1    0x000000002000081c       0x44 ./Core/Src/main.o
                0x000000002000081c                huart1
 .bss.huart2    0x0000000020000860       0x44 ./Core/Src/main.o
                0x0000000020000860                huart2
 .bss.defaultTaskHandle
                0x00000000200008a4        0x4 ./Core/Src/main.o
                0x00000000200008a4                defaultTaskHandle
 .bss.AutoModeTaskHandle
                0x00000000200008a8        0x4 ./Core/Src/main.o
                0x00000000200008a8                AutoModeTaskHandle
 .bss.ManualModeTaskHandle
                0x00000000200008ac        0x4 ./Core/Src/main.o
                0x00000000200008ac                ManualModeTaskHandle
 .bss.MonitorTaskHandle
                0x00000000200008b0        0x4 ./Core/Src/main.o
                0x00000000200008b0                MonitorTaskHandle
 .bss.myMutex01Handle
                0x00000000200008b4        0x4 ./Core/Src/main.o
                0x00000000200008b4                myMutex01Handle
 .bss.TIM11_10ms_counter
                0x00000000200008b8        0x4 ./Core/Src/main.o
                0x00000000200008b8                TIM11_10ms_counter
 .bss.TIM11_10ms_ultrasonic_counter
                0x00000000200008bc        0x4 ./Core/Src/main.o
                0x00000000200008bc                TIM11_10ms_ultrasonic_counter
 .bss.TIM11_10ms_servomotor_counter
                0x00000000200008c0        0x4 ./Core/Src/main.o
                0x00000000200008c0                TIM11_10ms_servomotor_counter
 .bss.htim10    0x00000000200008c4       0x48 ./Core/Src/stm32f4xx_hal_timebase_tim.o
                0x00000000200008c4                htim10
 .bss.__sbrk_heap_end
                0x000000002000090c        0x4 ./Core/Src/sysmem.o
 .bss.distance  0x0000000020000910        0x4 ./Core/Src/ultrasonic.o
                0x0000000020000910                distance
 .bss.ic_cpt_flag
                0x0000000020000914        0x4 ./Core/Src/ultrasonic.o
                0x0000000020000914                ic_cpt_flag
 .bss.is_first_capture.0
                0x0000000020000918        0x1 ./Core/Src/ultrasonic.o
 *fill*         0x0000000020000919        0x3 
 .bss.uwTick    0x000000002000091c        0x4 ./Drivers/STM32F4xx_HAL_Driver/Src/stm32f4xx_hal.o
                0x000000002000091c                uwTick
 .bss.KernelState
                0x0000000020000920        0x4 ./Middlewares/Third_Party/FreeRTOS/Source/CMSIS_RTOS_V2/cmsis_os2.o
 .bss.Idle_TCB.3
                0x0000000020000924       0xbc ./Middlewares/Third_Party/FreeRTOS/Source/CMSIS_RTOS_V2/cmsis_os2.o
 .bss.Idle_Stack.2
                0x00000000200009e0      0x200 ./Middlewares/Third_Party/FreeRTOS/Source/CMSIS_RTOS_V2/cmsis_os2.o
 .bss.Timer_TCB.1
                0x0000000020000be0       0xbc ./Middlewares/Third_Party/FreeRTOS/Source/CMSIS_RTOS_V2/cmsis_os2.o
 .bss.Timer_Stack.0
                0x0000000020000c9c      0x400 ./Middlewares/Third_Party/FreeRTOS/Source/CMSIS_RTOS_V2/cmsis_os2.o
 .bss.xQueueRegistry
                0x000000002000109c       0x40 ./Middlewares/Third_Party/FreeRTOS/Source/queue.o
                0x000000002000109c                xQueueRegistry
 .bss.pxCurrentTCB
                0x00000000200010dc        0x4 ./Middlewares/Third_Party/FreeRTOS/Source/tasks.o
                0x00000000200010dc                pxCurrentTCB
 .bss.pxReadyTasksLists
                0x00000000200010e0      0x460 ./Middlewares/Third_Party/FreeRTOS/Source/tasks.o
 .bss.xDelayedTaskList1
                0x0000000020001540       0x14 ./Middlewares/Third_Party/FreeRTOS/Source/tasks.o
 .bss.xDelayedTaskList2
                0x0000000020001554       0x14 ./Middlewares/Third_Party/FreeRTOS/Source/tasks.o
 .bss.pxDelayedTaskList
                0x0000000020001568        0x4 ./Middlewares/Third_Party/FreeRTOS/Source/tasks.o
 .bss.pxOverflowDelayedTaskList
                0x000000002000156c        0x4 ./Middlewares/Third_Party/FreeRTOS/Source/tasks.o
 .bss.xPendingReadyList
                0x0000000020001570       0x14 ./Middlewares/Third_Party/FreeRTOS/Source/tasks.o
 .bss.xTasksWaitingTermination
                0x0000000020001584       0x14 ./Middlewares/Third_Party/FreeRTOS/Source/tasks.o
 .bss.uxDeletedTasksWaitingCleanUp
                0x0000000020001598        0x4 ./Middlewares/Third_Party/FreeRTOS/Source/tasks.o
 .bss.xSuspendedTaskList
                0x000000002000159c       0x14 ./Middlewares/Third_Party/FreeRTOS/Source/tasks.o
 .bss.uxCurrentNumberOfTasks
                0x00000000200015b0        0x4 ./Middlewares/Third_Party/FreeRTOS/Source/tasks.o
 .bss.xTickCount
                0x00000000200015b4        0x4 ./Middlewares/Third_Party/FreeRTOS/Source/tasks.o
 .bss.uxTopReadyPriority
                0x00000000200015b8        0x4 ./Middlewares/Third_Party/FreeRTOS/Source/tasks.o
 .bss.xSchedulerRunning
                0x00000000200015bc        0x4 ./Middlewares/Third_Party/FreeRTOS/Source/tasks.o
 .bss.xPendedTicks
                0x00000000200015c0        0x4 ./Middlewares/Third_Party/FreeRTOS/Source/tasks.o
 .bss.xYieldPending
                0x00000000200015c4        0x4 ./Middlewares/Third_Party/FreeRTOS/Source/tasks.o
 .bss.xNumOfOverflows
                0x00000000200015c8        0x4 ./Middlewares/Third_Party/FreeRTOS/Source/tasks.o
 .bss.uxTaskNumber
                0x00000000200015cc        0x4 ./Middlewares/Third_Party/FreeRTOS/Source/tasks.o
 .bss.xNextTaskUnblockTime
                0x00000000200015d0        0x4 ./Middlewares/Third_Party/FreeRTOS/Source/tasks.o
 .bss.xIdleTaskHandle
                0x00000000200015d4        0x4 ./Middlewares/Third_Party/FreeRTOS/Source/tasks.o
 .bss.uxSchedulerSuspended
                0x00000000200015d8        0x4 ./Middlewares/Third_Party/FreeRTOS/Source/tasks.o
 .bss.xActiveTimerList1
                0x00000000200015dc       0x14 ./Middlewares/Third_Party/FreeRTOS/Source/timers.o
 .bss.xActiveTimerList2
                0x00000000200015f0       0x14 ./Middlewares/Third_Party/FreeRTOS/Source/timers.o
 .bss.pxCurrentTimerList
                0x0000000020001604        0x4 ./Middlewares/Third_Party/FreeRTOS/Source/timers.o
 .bss.pxOverflowTimerList
                0x0000000020001608        0x4 ./Middlewares/Third_Party/FreeRTOS/Source/timers.o
 .bss.xTimerQueue
                0x000000002000160c        0x4 ./Middlewares/Third_Party/FreeRTOS/Source/timers.o
 .bss.xTimerTaskHandle
                0x0000000020001610        0x4 ./Middlewares/Third_Party/FreeRTOS/Source/timers.o
 .bss.xLastTime.2
                0x0000000020001614        0x4 ./Middlewares/Third_Party/FreeRTOS/Source/timers.o
 .bss.ucStaticTimerQueueStorage.1
                0x0000000020001618       0xa0 ./Middlewares/Third_Party/FreeRTOS/Source/timers.o
 .bss.xStaticTimerQueue.0
                0x00000000200016b8       0x50 ./Middlewares/Third_Party/FreeRTOS/Source/timers.o
 .bss.ucMaxSysCallPriority
                0x0000000020001708        0x1 ./Middlewares/Third_Party/FreeRTOS/Source/portable/GCC/ARM_CM4F/port.o
 *fill*         0x0000000020001709        0x3 
 .bss.ulMaxPRIGROUPValue
                0x000000002000170c        0x4 ./Middlewares/Third_Party/FreeRTOS/Source/portable/GCC/ARM_CM4F/port.o
 .bss.ucHeap    0x0000000020001710     0x3c00 ./Middlewares/Third_Party/FreeRTOS/Source/portable/MemMang/heap_4.o
 .bss.xStart    0x0000000020005310        0x8 ./Middlewares/Third_Party/FreeRTOS/Source/portable/MemMang/heap_4.o
 .bss.pxEnd     0x0000000020005318        0x4 ./Middlewares/Third_Party/FreeRTOS/Source/portable/MemMang/heap_4.o
 .bss.xFreeBytesRemaining