../Core/Src/dcmotor.c:42:6:drive_car_main	8	static
../Core/Src/dcmotor.c:57:6:mode_check	8	static
../Core/Src/dcmotor.c:81:6:auto_drive	4	static
../Core/Src/dcmotor.c:88:6:manual_mode_run	8	static
../Core/Src/dcmotor.c:138:6:forward	16	static
../Core/Src/dcmotor.c:149:6:backward	16	static
../Core/Src/dcmotor.c:160:6:turn_left	16	static
../Core/Src/dcmotor.c:168:6:turn_right	16	static
../Core/Src/dcmotor.c:176:6:stop	8	static
../Core/Src/dcmotor.c:189:6:left_speed	16	static
../Core/Src/dcmotor.c:206:6:right_speed	16	static
../Core/Src/dcmotor.c:222:6:left_forward	8	static
../Core/Src/dcmotor.c:228:6:right_forward	8	static
../Core/Src/dcmotor.c:234:6:all_foward	8	static
../Core/Src/dcmotor.c:240:6:left_backward	8	static
../Core/Src/dcmotor.c:247:6:right_backward	8	static
../Core/Src/dcmotor.c:253:6:all_backward	8	static
../Core/Src/dcmotor.c:259:6:left_stop	8	static
../Core/Src/dcmotor.c:264:6:right_stop	8	static
../Core/Src/dcmotor.c:269:6:all_stop	8	static
../Core/Src/dcmotor.c:275:6:dcmotor_pwm_control	8	static
