../Core/Src/main.c:147:1:__io_putchar	16	static
../Core/Src/main.c:161:6:HAL_SYSTICK_Callback	4	static
../Core/Src/main.c:175:6:HAL_GPIO_EXTI_Callback	16	static
../Core/Src/main.c:196:6:delay_us	16	static
../Core/Src/main.c:209:5:main	8	static
../Core/Src/main.c:332:6:SystemClock_Config	88	static
../Core/Src/main.c:379:13:MX_NVIC_Init	8	static
../Core/Src/main.c:391:13:MX_I2C1_Init	8	static
../Core/Src/main.c:425:13:MX_RTC_Init	32	static
../Core/Src/main.c:488:13:MX_TIM1_Init	48	static
../Core/Src/main.c:556:13:MX_TIM2_Init	64	static
../Core/Src/main.c:615:13:MX_TIM3_Init	48	static
../Core/Src/main.c:668:13:MX_TIM11_Init	8	static
../Core/Src/main.c:699:13:MX_USART1_UART_Init	8	static
../Core/Src/main.c:732:13:MX_USART2_UART_Init	8	static
../Core/Src/main.c:765:13:MX_GPIO_Init	48	static
../Core/Src/main.c:833:6:StartDefaultTask	16	static
../Core/Src/main.c:851:6:StartAutoModeTask	16	static
../Core/Src/main.c:870:6:StartManualModeTask	16	static
../Core/Src/main.c:889:6:StartMonitorTask	16	static
../Core/Src/main.c:909:6:HAL_TIM_PeriodElapsedCallback	16	static
../Core/Src/main.c:931:6:Error_Handler	4	static,ignoring_inline_asm
